###############################################################################
#                                                                             #
# IAR ELF Linker V6.30.1.53127/W32 for ARM              02/Jul/2015  20:31:51 #
# Copyright 2007-2011 IAR Systems AB.                                         #
#                                                                             #
#    Output file  =  F:\Project_Compotition\6.MyFreescal_10th\Handbook\K60\K6 #
#                    0_With_one_day\第二章\GPIO_LED\Prj\IAR\FN15_Debug\Exe\vc #
#                    an_Kinetis.out                                           #
#    Map file     =  F:\Project_Compotition\6.MyFreescal_10th\Handbook\K60\K6 #
#                    0_With_one_day\第二章\GPIO_LED\Prj\IAR\FN15_Debug\List\v #
#                    can_Kinetis.map                                          #
#    Command line =  F:\Project_Compotition\6.MyFreescal_10th\Handbook\K60\K6 #
#                    0_With_one_day\第二章\GPIO_LED\Prj\IAR\FN15_Debug\Obj\MK #
#                    60_DWT.o F:\Project_Compotition\6.MyFreescal_10th\Handbo #
#                    ok\K60\K60_With_one_day\第二章\GPIO_LED\Prj\IAR\FN15_Deb #
#                    ug\Obj\MK60_PIT.o F:\Project_Compotition\6.MyFreescal_10 #
#                    th\Handbook\K60\K60_With_one_day\第二章\GPIO_LED\Prj\IAR #
#                    \FN15_Debug\Obj\MK60_SysTick.o                           #
#                    F:\Project_Compotition\6.MyFreescal_10th\Handbook\K60\K6 #
#                    0_With_one_day\第二章\GPIO_LED\Prj\IAR\FN15_Debug\Obj\MK #
#                    60_conf.o F:\Project_Compotition\6.MyFreescal_10th\Handb #
#                    ook\K60\K60_With_one_day\第二章\GPIO_LED\Prj\IAR\FN15_De #
#                    bug\Obj\MK60_flash.o F:\Project_Compotition\6.MyFreescal #
#                    _10th\Handbook\K60\K60_With_one_day\第二章\GPIO_LED\Prj\ #
#                    IAR\FN15_Debug\Obj\MK60_gpio.o                           #
#                    F:\Project_Compotition\6.MyFreescal_10th\Handbook\K60\K6 #
#                    0_With_one_day\第二章\GPIO_LED\Prj\IAR\FN15_Debug\Obj\MK #
#                    60_it.o F:\Project_Compotition\6.MyFreescal_10th\Handboo #
#                    k\K60\K60_With_one_day\第二章\GPIO_LED\Prj\IAR\FN15_Debu #
#                    g\Obj\MK60_lptmr.o F:\Project_Compotition\6.MyFreescal_1 #
#                    0th\Handbook\K60\K60_With_one_day\第二章\GPIO_LED\Prj\IA #
#                    R\FN15_Debug\Obj\MK60_mcg.o                              #
#                    F:\Project_Compotition\6.MyFreescal_10th\Handbook\K60\K6 #
#                    0_With_one_day\第二章\GPIO_LED\Prj\IAR\FN15_Debug\Obj\MK #
#                    60_port.o F:\Project_Compotition\6.MyFreescal_10th\Handb #
#                    ook\K60\K60_With_one_day\第二章\GPIO_LED\Prj\IAR\FN15_De #
#                    bug\Obj\MK60_uart.o F:\Project_Compotition\6.MyFreescal_ #
#                    10th\Handbook\K60\K60_With_one_day\第二章\GPIO_LED\Prj\I #
#                    AR\FN15_Debug\Obj\MK60_wdog.o                            #
#                    F:\Project_Compotition\6.MyFreescal_10th\Handbook\K60\K6 #
#                    0_With_one_day\第二章\GPIO_LED\Prj\IAR\FN15_Debug\Obj\VC #
#                    AN_LED.o F:\Project_Compotition\6.MyFreescal_10th\Handbo #
#                    ok\K60\K60_With_one_day\第二章\GPIO_LED\Prj\IAR\FN15_Deb #
#                    ug\Obj\VCAN_computer.o F:\Project_Compotition\6.MyFreesc #
#                    al_10th\Handbook\K60\K60_With_one_day\第二章\GPIO_LED\Pr #
#                    j\IAR\FN15_Debug\Obj\VCAN_key.o                          #
#                    F:\Project_Compotition\6.MyFreescal_10th\Handbook\K60\K6 #
#                    0_With_one_day\第二章\GPIO_LED\Prj\IAR\FN15_Debug\Obj\ma #
#                    in.o F:\Project_Compotition\6.MyFreescal_10th\Handbook\K #
#                    60\K60_With_one_day\第二章\GPIO_LED\Prj\IAR\FN15_Debug\O #
#                    bj\misc.o F:\Project_Compotition\6.MyFreescal_10th\Handb #
#                    ook\K60\K60_With_one_day\第二章\GPIO_LED\Prj\IAR\FN15_De #
#                    bug\Obj\startup_MK60DZ10.o F:\Project_Compotition\6.MyFr #
#                    eescal_10th\Handbook\K60\K60_With_one_day\第二章\GPIO_LE #
#                    D\Prj\IAR\FN15_Debug\Obj\system_MK60DZ10.o               #
#                    F:\Project_Compotition\6.MyFreescal_10th\Handbook\K60\K6 #
#                    0_With_one_day\第二章\GPIO_LED\Prj\IAR\FN15_Debug\Obj\ve #
#                    ctors.o --redirect _Printf=_PrintfLargeNoMb --redirect   #
#                    _Scanf=_ScanfLargeNoMb -o F:\Project_Compotition\6.MyFre #
#                    escal_10th\Handbook\K60\K60_With_one_day\第二章\GPIO_LED #
#                    \Prj\IAR\FN15_Debug\Exe\vcan_Kinetis.out --map           #
#                    F:\Project_Compotition\6.MyFreescal_10th\Handbook\K60\K6 #
#                    0_With_one_day\第二章\GPIO_LED\Prj\IAR\FN15_Debug\List\v #
#                    can_Kinetis.map --config "F:\Project_Compotition\6.MyFre #
#                    escal_10th\Handbook\K60\K60_With_one_day\第二章\GPIO_LED #
#                    \Prj\IAR\config files\vcan_ROM_K60N1M.icf"               #
#                    F:\Project_Compotition\6.MyFreescal_10th\Handbook\K60\K6 #
#                    0_With_one_day\第二章\GPIO_LED\Prj\IAR\..\..\Lib\CMSIS\i #
#                    ar_cortexM4l_math.a --entry __iar_program_start          #
#                    --redirect __write=__write_buffered --vfe                #
#                                                                             #
#                                                                             #
###############################################################################

*******************************************************************************
*** RUNTIME MODEL ATTRIBUTES
***

CppFlavor       = *
__SystemLibrary = DLib


*******************************************************************************
*** PLACEMENT SUMMARY
***

"A1":  place at 0x00000000 { ro section .intvec };
"A2":  place at 0x00000410 { ro section .noinit };
"P1":  place in [from 0x00000000 to 0x00100000] { ro, block CodeRelocate };
"P2":  place in [from 0x1fff0410 to 0x20010000] {
          rw, block CodeRelocateRam, block CSTACK, block HEAP };

  Section              Kind        Address    Size  Object
  -------              ----        -------    ----  ------
"A1":                                        0x410
  .intvec              const    0x00000000   0x410  vectors.o [1]
                              - 0x00000410   0x410

"A2":                                          0x8
  .noinit              ro code  0x00000410     0x8  startup_MK60DZ10.o [1]
                              - 0x00000418     0x8

"P1":                                       0x3014
  .text                ro code  0x00000418   0xb5e  xprintflarge_nomb.o [3]
  .text                ro code  0x00000f76    0x22  zero_init3.o [5]
  .text                ro code  0x00000f98    0x16  strchr.o [5]
  .text                ro code  0x00000fb0    0x36  strlen.o [5]
  .text                ro code  0x00000fe8    0x58  memchr.o [5]
  .text                ro code  0x00001040    0xee  I64DivMod.o [5]
  .text                ro code  0x00001130    0x76  ABImemcpy.o [5]
  .text                ro code  0x000011a6    0x44  xdnorm.o [4]
  .text                ro code  0x000011ec    0x2e  DblCmpLe.o [4]
  .text                ro code  0x0000121c   0x1a2  DblMul.o [4]
  .text                ro code  0x000013c0   0x246  DblDiv.o [4]
  .text                ro code  0x00001608    0x2c  DblToI32.o [4]
  .text                ro code  0x00001634    0x1c  I32ToDbl.o [4]
  .text                ro code  0x00001650   0x180  DblSub.o [4]
  .text                ro code  0x000017d0    0x6c  localeconv.o [3]
  .text                ro code  0x0000183c     0xe  div.o [3]
  .text                ro code  0x0000184c     0x2  I64DivZer.o [5]
  .text                ro code  0x00001850    0xd4  DblAdd.o [4]
  .text                ro code  0x00001924     0x2  xtls.o [3]
  .data_init                    0x00001928   0x7f0  <Block>
    Initializer bytes  ro data  0x00001928   0x7f0  <for .data-1>
  Veneer               ro code  0x00002118     0x8  - Linker created -
  .text                ro code  0x00002120   0x3e0  MK60_mcg.o [1]
  .text                ro code  0x00002500   0x24c  MK60_uart.o [1]
  .text                ro code  0x0000274c    0xb0  MK60_port.o [1]
  Veneer               ro code  0x000027fc     0x8  - Linker created -
  Veneer               ro code  0x00002804     0x8  - Linker created -
  .text                ro code  0x0000280c   0x140  MK60_conf.o [1]
  .text                ro code  0x0000294c    0xac  VCAN_LED.o [1]
  .text                ro code  0x000029f8    0x24  printf.o [3]
  .text                ro code  0x00002a1c    0x64  MK60_SysTick.o [1]
  .text                ro code  0x00002a80    0x9c  VCAN_key.o [1]
  .text                ro code  0x00002b1c   0x19c  MK60_gpio.o [1]
  CodeRelocate                  0x00002cb8   0x1f4  <Block>
    Initializer bytes  ro data  0x00002cb8   0x1f4  <for CodeRelocateRam-1>
  .text                ro code  0x00002eac   0x130  system_MK60DZ10.o [1]
  .text                ro code  0x00002fdc    0x40  MK60_wdog.o [1]
  .text                ro code  0x0000301c    0x3c  main.o [1]
  .text                ro code  0x00003058    0x2c  misc.o [1]
  .rodata              const    0x00003084    0x70  MK60_SysTick.o [1]
  .rodata              const    0x000030f4    0x70  MK60_flash.o [1]
  .rodata              const    0x00003164    0x6c  MK60_gpio.o [1]
  .rodata              const    0x000031d0    0x6c  MK60_uart.o [1]
  .rodata              const    0x0000323c    0x68  misc.o [1]
  .rodata              const    0x000032a4    0x3c  MK60_conf.o [1]
  .text                ro code  0x000032e0    0x2c  data_init3.o [5]
  .rodata              const    0x0000330c    0x24  MK60_conf.o [1]
  .iar.init_table      const    0x00003330    0x10  - Linker created -
  .rodata              const    0x00003340    0x20  MK60_conf.o [1]
  .text                ro code  0x00003360    0x16  cmain.o [5]
  .text                ro code  0x00003376     0x4  low_level_init.o [3]
  .text                ro code  0x0000337a     0x4  exit.o [3]
  .text                ro code  0x00003380     0xa  cexit.o [5]
  .text                ro code  0x0000338c     0xc  XXexit.o [5]
  .text                ro code  0x00003398    0x16  xprout.o [3]
  .text                ro code  0x000033b0     0xc  putchar.o [3]
  .rodata              const    0x000033bc    0x14  MK60_conf.o [1]
  .text                ro code  0x000033d0     0xc  cstartup_M.o [5]
  .rodata              const    0x000033dc     0x0  bwt_init3c.o [5]
  Initializer bytes    ro data  0x000033dc    0x50  <for P2 s0>
                              - 0x0000342c  0x3014

"P2", part 1 of 3:                           0x9e4
  .data                         0x1fff0410   0x7f0  <Block>
    .data-1                     0x1fff0410   0x7f0  <Init block>
      .data            inited   0x1fff0410   0x708  MK60_conf.o [1]
      .data            inited   0x1fff0b18    0x14  MK60_gpio.o [1]
      .data            inited   0x1fff0b2c    0x58  MK60_mcg.o [1]
      .data            inited   0x1fff0b84     0x4  MK60_mcg.o [1]
      .data            inited   0x1fff0b88    0x14  MK60_port.o [1]
      .data            inited   0x1fff0b9c    0x18  MK60_uart.o [1]
      .data            inited   0x1fff0bb4     0x4  VCAN_LED.o [1]
      .data            inited   0x1fff0bb8     0x8  VCAN_key.o [1]
      .data            inited   0x1fff0bc0    0x40  xfiles.o [3]
  CodeRelocateRam               0x1fff0c00   0x1f4  <Block>
    CodeRelocateRam-1           0x1fff0c00   0x1f4  <Init block>
      Veneer           inited   0x1fff0c00     0x8  - Linker created -
      Veneer           inited   0x1fff0c08     0x8  - Linker created -
      .textrw          inited   0x1fff0c10   0x194  MK60_flash.o [1]
      .textrw          inited   0x1fff0da4    0x50  MK60_mcg.o [1]
                              - 0x1fff0df4   0x9e4

"P2", part 2 of 3:                            0x5c
  .bss                          0x1fff0df4    0x5c  <Block>
    .bss               zero     0x1fff0df4     0x4  system_MK60DZ10.o [1]
    .bss               zero     0x1fff0df8     0x4  system_MK60DZ10.o [1]
    .bss               zero     0x1fff0dfc     0x4  system_MK60DZ10.o [1]
    .bss               zero     0x1fff0e00    0x50  xfiles.o [3]
                              - 0x1fff0e50    0x5c

"P2", part 3 of 3:                            0x50
  P2 s0                         0x1fff0e50    0x50  <Init block>
    __DLIB_PERTHREAD   inited   0x1fff0e50    0x50  localeconv.o [3]
                              - 0x1fff0ea0    0x50


*******************************************************************************
*** INIT TABLE
***

          Address     Size
          -------     ----
Zero (__iar_zero_init3)
    1 destination range, total size 0x5c:
          0x1fff0df4  0x5c



*******************************************************************************
*** MODULE SUMMARY
***

    Module               ro code  rw code  ro data  rw data
    ------               -------  -------  -------  -------
F:\Project_Compotition\6.MyFreescal_10th\Handbook\K60\K60_With_one_day\第二章\GPIO_LED\Prj\IAR\FN15_Debug\Obj: [1]
    MK60_SysTick.o           100               112
    MK60_conf.o              320             1 948    1 800
    MK60_flash.o                      404      516
    MK60_gpio.o              412               128       20
    MK60_mcg.o               992       80      172       92
    MK60_port.o              176                20       20
    MK60_uart.o              588               132       24
    MK60_wdog.o               64
    VCAN_LED.o               172                 4        4
    VCAN_key.o               156                 8        8
    main.o                    60
    misc.o                    44               104
    startup_MK60DZ10.o         8
    system_MK60DZ10.o        304                         12
    vectors.o                                1 040
    -------------------------------------------------------
    Total:                 3 396      484    4 184    1 980

command line: [2]
    -------------------------------------------------------
    Total:

dl7M_tlf.a: [3]
    div.o                     14
    exit.o                     4
    localeconv.o             108                80       80
    low_level_init.o           4
    printf.o                  36
    putchar.o                 12
    xfiles.o                                    64      144
    xprintflarge_nomb.o    2 910
    xprout.o                  22
    xtls.o                     2
    -------------------------------------------------------
    Total:                 3 112               144      224

m7M_tl.a: [4]
    DblAdd.o                 212
    DblCmpLe.o                46
    DblDiv.o                 582
    DblMul.o                 418
    DblSub.o                 384
    DblToI32.o                44
    I32ToDbl.o                28
    xdnorm.o                  68
    -------------------------------------------------------
    Total:                 1 782

rt7M_tl.a: [5]
    ABImemcpy.o              118
    I64DivMod.o              238
    I64DivZer.o                2
    XXexit.o                  12
    bwt_init3c.o
    cexit.o                   10
    cmain.o                   22
    cstartup_M.o              12
    data_init3.o              44
    memchr.o                  88
    strchr.o                  22
    strlen.o                  54
    zero_init3.o              34
    -------------------------------------------------------
    Total:                   656

    Gaps                      24                          2
    Linker created            24       16       32
-----------------------------------------------------------
    Grand Total:           8 994      500    4 360    2 206


*******************************************************************************
*** ENTRY LIST
***

Entry                      Address   Size  Type      Object
-----                      -------   ----  ----      ------
.bss$$Base              0x1fff0df4          --   Gb  - Linker created -
.bss$$Limit             0x1fff0e50          --   Gb  - Linker created -
.data$$Base             0x1fff0410          --   Gb  - Linker created -
.data$$Limit            0x1fff0c00          --   Gb  - Linker created -
.data_init$$Base        0x00001928          --   Gb  - Linker created -
.data_init$$Limit       0x00002118          --   Gb  - Linker created -
?main                   0x00003361         Code  Gb  cmain.o [5]
ASSERT_FAILED_STR       0x0000330c   0x24  Data  Gb  MK60_conf.o [1]
CodeRelocate$$Base      0x00002cb8          --   Gb  - Linker created -
CodeRelocate$$Limit     0x00002eac          --   Gb  - Linker created -
CodeRelocateRam$$Base   0x1fff0c00          --   Gb  - Linker created -
CodeRelocateRam$$Limit  0x1fff0df4          --   Gb  - Linker created -
GPIOX                   0x1fff0b18   0x14  Data  Gb  MK60_gpio.o [1]
KEY_PTxn                0x1fff0bb8    0x8  Data  Gb  VCAN_key.o [1]
LED_PTxn                0x1fff0bb4    0x4  Data  Gb  VCAN_LED.o [1]
NVIC_SystemReset        0x0000280d   0x1a  Code  Lc  MK60_conf.o [1]
PORTX                   0x1fff0b88   0x14  Data  Gb  MK60_port.o [1]
Region$$Table$$Base     0x00003330          --   Gb  - Linker created -
Region$$Table$$Limit    0x00003340          --   Gb  - Linker created -
Reset_Handler           0x00000411         Code  Gb  startup_MK60DZ10.o [1]
UARTN                   0x1fff0b9c   0x18  Data  Gb  MK60_uart.o [1]
_GenldLargeNoMb         0x00000ced  0x242  Code  Lc  xprintflarge_nomb.o [3]
_LdtobLargeNoMb         0x00000a65  0x276  Code  Lc  xprintflarge_nomb.o [3]
_LitobLargeNoMb         0x0000093f  0x126  Code  Lc  xprintflarge_nomb.o [3]
_Locale_lconv           0x1fff0e50   0x50  Data  Gb  localeconv.o [3]
_PrintfLargeNoMb        0x00000419  0x526  Code  Gb  xprintflarge_nomb.o [3]
_Prout                  0x00003399   0x16  Code  Gb  xprout.o [3]
_PutcharsLargeNoMb      0x00000f2f   0x2e  Code  Lc  xprintflarge_nomb.o [3]
__BOOT_STACK_ADDRESS {Abs}
                        0x2000fff8          --   Gb  command line/config [2]
__VECTOR_RAM {Abs}      0x1fff0000          --   Gb  command line/config [2]
__VECTOR_TABLE {Abs}    0x00000000          --   Gb  command line/config [2]
__aeabi_cdcmple         0x000011ed         Code  Gb  DblCmpLe.o [4]
__aeabi_d2uiz           0x00001609         Code  Gb  DblToI32.o [4]
__aeabi_ddiv            0x000013c1         Code  Gb  DblDiv.o [4]
__aeabi_dmul            0x0000121d         Code  Gb  DblMul.o [4]
__aeabi_dsub            0x00001651         Code  Gb  DblSub.o [4]
__aeabi_ldiv0           0x0000184d         Code  Gb  I64DivZer.o [5]
__aeabi_memcpy          0x00001131         Code  Gb  ABImemcpy.o [5]
__aeabi_memcpy4         0x00001151         Code  Gb  ABImemcpy.o [5]
__aeabi_memcpy8         0x00001151         Code  Gb  ABImemcpy.o [5]
__aeabi_ui2d            0x00001635         Code  Gb  I32ToDbl.o [4]
__aeabi_uldivmod        0x00001041         Code  Gb  I64DivMod.o [5]
__cmain                 0x00003361         Code  Gb  cmain.o [5]
__code_start__ {Abs}    0x00000410          --   Gb  command line/config [2]
__exit                  0x0000338d         Code  Gb  XXexit.o [5]
__iar_Dnorm             0x000011a7   0x44  Code  Gb  xdnorm.o [4]
__iar_Locale_lconv_init
                        0x000017d1   0x3a  Code  Gb  localeconv.o [3]
__iar_Memchr            0x00000fe9         Code  Gb  memchr.o [5]
__iar_SB                0x000033dc         Data  Gb  bwt_init3c.o [5]
__iar_Stdout            0x1fff0bc0   0x40  Data  Gb  xfiles.o [3]
__iar_Strchr            0x00000f99         Code  Gb  strchr.o [5]
__iar_d2uiz             0x00001615         Code  Gb  DblToI32.o [4]
__iar_dadd              0x00001851         Code  Gb  DblAdd.o [4]
__iar_data_init3        0x000032e1   0x2c  Code  Gb  data_init3.o [5]
__iar_default_requirements$$_Printf<unknown>printf {Abs}
                        0x00000000          --   Gb  printf.o [3]
__iar_dlib_perthread_access
                        0x00001925    0x2  Code  Gb  xtls.o [3]
__iar_dsub              0x00001665         Code  Gb  DblSub.o [4]
__iar_dsubStart         0x00001677         Code  Gb  DblSub.o [4]
__iar_program_start     0x000033d1         Code  Gb  cstartup_M.o [5]
__iar_provide$$_Printf<flags,floats,int_specials,long_longs,n_formatters,qualifiers,widths>_PrintfLargeNoMb {Abs}
                        0x00000000          --   Gb  xprintflarge_nomb.o [3]
__iar_ui2d              0x00001639         Code  Gb  I32ToDbl.o [4]
__iar_zero_init3        0x00000f77   0x22  Code  Gb  zero_init3.o [5]
__low_level_init        0x00003377    0x4  Code  Gb  low_level_init.o [3]
__vector_table          0x00000000  0x410  Data  Gb  vectors.o [1]
_call_main              0x0000336d         Code  Gb  cmain.o [5]
_exit                   0x00003381         Code  Gb  cexit.o [5]
_main                   0x00003373         Code  Gb  cmain.o [5]
assert_failed           0x00002827   0x26  Code  Gb  MK60_conf.o [1]
bus_clk_khz             0x1fff0dfc    0x4  Data  Gb  system_MK60DZ10.o [1]
common_startup          0x00002f0b   0x98  Code  Gb  system_MK60DZ10.o [1]
core_clk_khz            0x1fff0df4    0x4  Data  Gb  system_MK60DZ10.o [1]
core_clk_mhz            0x1fff0df8    0x4  Data  Gb  system_MK60DZ10.o [1]
default_isr             0x000028fb   0x30  Code  Gb  MK60_conf.o [1]
div                     0x0000183d    0xe  Code  Gb  div.o [3]
exit                    0x0000337b    0x4  Code  Gb  exit.o [3]
flash_cmd               0x1fff0c11   0x20  Code  Gb  MK60_flash.o [1]
flash_erase_sector      0x1fff0c55   0x5c  Code  Gb  MK60_flash.o [1]
flash_init              0x1fff0c31   0x24  Code  Gb  MK60_flash.o [1]
flash_write             0x1fff0cb1   0xb6  Code  Gb  MK60_flash.o [1]
fputc                   0x0000284d   0x14  Code  Gb  MK60_conf.o [1]
gpio_get                0x00002c75   0x3a  Code  Gb  MK60_gpio.o [1]
gpio_init               0x00002b1d   0xae  Code  Gb  MK60_gpio.o [1]
gpio_set                0x00002bcb   0x72  Code  Gb  MK60_gpio.o [1]
gpio_turn               0x00002c3d   0x38  Code  Gb  MK60_gpio.o [1]
key_check               0x00002aed   0x2a  Code  Gb  VCAN_key.o [1]
key_get                 0x00002ad3   0x1a  Code  Gb  VCAN_key.o [1]
key_init                0x00002a81   0x52  Code  Gb  VCAN_key.o [1]
led                     0x00002987   0x3c  Code  Gb  VCAN_LED.o [1]
led_init                0x0000294d   0x3a  Code  Gb  VCAN_LED.o [1]
led_turn                0x000029c3   0x32  Code  Gb  VCAN_LED.o [1]
localeconv              0x0000180b   0x16  Code  Gb  localeconv.o [3]
main                    0x0000301d   0x3c  Code  Gb  main.o [1]
mcg_cfg                 0x1fff0b2c   0x58  Data  Gb  MK60_mcg.o [1]
mcg_div                 0x1fff0b84    0x4  Data  Gb  MK60_mcg.o [1]
mcg_div_count           0x00002121  0x312  Code  Gb  MK60_mcg.o [1]
memchr                  0x00000fe9         Code  Gb  memchr.o [5]
obuf                    0x1fff0e00   0x50  Data  Lc  xfiles.o [3]
pll_init                0x00002433   0xb2  Code  Gb  MK60_mcg.o [1]
port_init               0x0000274d   0x44  Code  Gb  MK60_port.o [1]
port_init_NoALT         0x00002791   0x62  Code  Gb  MK60_port.o [1]
printf                  0x000029f9   0x24  Code  Gb  printf.o [3]
putchar                 0x000033b1    0xc  Code  Gb  putchar.o [3]
set_sys_dividers        0x1fff0da5   0x50  Code  Gb  MK60_mcg.o [1]
start                   0x00002ead   0x22  Code  Gb  system_MK60DZ10.o [1]
start_check             0x00002861   0x9a  Code  Gb  MK60_conf.o [1]
strchr                  0x00000f99         Code  Gb  strchr.o [5]
strlen                  0x00000fb1         Code  Gb  strlen.o [5]
sysinit                 0x00002ecf   0x3c  Code  Gb  system_MK60DZ10.o [1]
systick_delay           0x00002a1d   0x36  Code  Gb  MK60_SysTick.o [1]
systick_delay_ms        0x00002a53   0x18  Code  Gb  MK60_SysTick.o [1]
uart_init               0x00002501  0x218  Code  Gb  MK60_uart.o [1]
uart_putchar            0x00002719   0x1a  Code  Gb  MK60_uart.o [1]
vector_str              0x1fff0410  0x708  Data  Gb  MK60_conf.o [1]
wdog_disable            0x00002fdd   0x16  Code  Gb  MK60_wdog.o [1]
wdog_unlock             0x00002ff3   0x20  Code  Lc  MK60_wdog.o [1]
write_vtor              0x00003059   0x22  Code  Gb  misc.o [1]


[1] = F:\Project_Compotition\6.MyFreescal_10th\Handbook\K60\K60_With_one_day\第二章\GPIO_LED\Prj\IAR\FN15_Debug\Obj
[2] = command line
[3] = dl7M_tlf.a
[4] = m7M_tl.a
[5] = rt7M_tl.a

  8 994 bytes of readonly  code memory
    500 bytes of readwrite code memory
  4 360 bytes of readonly  data memory
  2 206 bytes of readwrite data memory

Errors: none
Warnings: none
