###############################################################################
#                                                                             #
# IAR ELF Linker V6.70.1.5641/W32 for ARM               21/Apr/2016  22:58:04 #
# Copyright 2007-2013 IAR Systems AB.                                         #
#                                                                             #
#    Output file  =  F:\Project_Compotition\6.MyFreescal_10th\New_for_platfor #
#                    m\Freescale_K60-KL26_NRF\GPIO_NRF_KL26\Prj\IAR\Debug\Exe #
#                    \FIRE_KL.out                                             #
#    Map file     =  F:\Project_Compotition\6.MyFreescal_10th\New_for_platfor #
#                    m\Freescale_K60-KL26_NRF\GPIO_NRF_KL26\Prj\IAR\Debug\Lis #
#                    t\FIRE_KL.map                                            #
#    Command line =  F:\Project_Compotition\6.MyFreescal_10th\New_for_platfor #
#                    m\Freescale_K60-KL26_NRF\GPIO_NRF_KL26\Prj\IAR\Debug\Obj #
#                    \FIRE_ASCII.o F:\Project_Compotition\6.MyFreescal_10th\N #
#                    ew_for_platform\Freescale_K60-KL26_NRF\GPIO_NRF_KL26\Prj #
#                    \IAR\Debug\Obj\FIRE_camera.o                             #
#                    F:\Project_Compotition\6.MyFreescal_10th\New_for_platfor #
#                    m\Freescale_K60-KL26_NRF\GPIO_NRF_KL26\Prj\IAR\Debug\Obj #
#                    \FIRE_key.o F:\Project_Compotition\6.MyFreescal_10th\New #
#                    _for_platform\Freescale_K60-KL26_NRF\GPIO_NRF_KL26\Prj\I #
#                    AR\Debug\Obj\FIRE_key_event.o                            #
#                    F:\Project_Compotition\6.MyFreescal_10th\New_for_platfor #
#                    m\Freescale_K60-KL26_NRF\GPIO_NRF_KL26\Prj\IAR\Debug\Obj #
#                    \FIRE_LCD.o F:\Project_Compotition\6.MyFreescal_10th\New #
#                    _for_platform\Freescale_K60-KL26_NRF\GPIO_NRF_KL26\Prj\I #
#                    AR\Debug\Obj\FIRE_LCD_CH.o F:\Project_Compotition\6.MyFr #
#                    eescal_10th\New_for_platform\Freescale_K60-KL26_NRF\GPIO #
#                    _NRF_KL26\Prj\IAR\Debug\Obj\FIRE_LCD_ST7735R.o           #
#                    F:\Project_Compotition\6.MyFreescal_10th\New_for_platfor #
#                    m\Freescale_K60-KL26_NRF\GPIO_NRF_KL26\Prj\IAR\Debug\Obj #
#                    \FIRE_LCD_ST7735S.o F:\Project_Compotition\6.MyFreescal_ #
#                    10th\New_for_platform\Freescale_K60-KL26_NRF\GPIO_NRF_KL #
#                    26\Prj\IAR\Debug\Obj\FIRE_LED.o                          #
#                    F:\Project_Compotition\6.MyFreescal_10th\New_for_platfor #
#                    m\Freescale_K60-KL26_NRF\GPIO_NRF_KL26\Prj\IAR\Debug\Obj #
#                    \FIRE_MKL_conf.o F:\Project_Compotition\6.MyFreescal_10t #
#                    h\New_for_platform\Freescale_K60-KL26_NRF\GPIO_NRF_KL26\ #
#                    Prj\IAR\Debug\Obj\FIRE_MMA7455.o                         #
#                    F:\Project_Compotition\6.MyFreescal_10th\New_for_platfor #
#                    m\Freescale_K60-KL26_NRF\GPIO_NRF_KL26\Prj\IAR\Debug\Obj #
#                    \FIRE_NRF24L0.o F:\Project_Compotition\6.MyFreescal_10th #
#                    \New_for_platform\Freescale_K60-KL26_NRF\GPIO_NRF_KL26\P #
#                    rj\IAR\Debug\Obj\FIRE_NRF24L0_MSG.o                      #
#                    F:\Project_Compotition\6.MyFreescal_10th\New_for_platfor #
#                    m\Freescale_K60-KL26_NRF\GPIO_NRF_KL26\Prj\IAR\Debug\Obj #
#                    \FIRE_OV7725_Eagle.o F:\Project_Compotition\6.MyFreescal #
#                    _10th\New_for_platform\Freescale_K60-KL26_NRF\GPIO_NRF_K #
#                    L26\Prj\IAR\Debug\Obj\FIRE_SCCB.o                        #
#                    F:\Project_Compotition\6.MyFreescal_10th\New_for_platfor #
#                    m\Freescale_K60-KL26_NRF\GPIO_NRF_KL26\Prj\IAR\Debug\Obj #
#                    \FIRE_TSL1401.o F:\Project_Compotition\6.MyFreescal_10th #
#                    \New_for_platform\Freescale_K60-KL26_NRF\GPIO_NRF_KL26\P #
#                    rj\IAR\Debug\Obj\FIRE_UI_VAR.o                           #
#                    F:\Project_Compotition\6.MyFreescal_10th\New_for_platfor #
#                    m\Freescale_K60-KL26_NRF\GPIO_NRF_KL26\Lib\CMSIS\iar_cor #
#                    texM0plusl_math.a F:\Project_Compotition\6.MyFreescal_10 #
#                    th\New_for_platform\Freescale_K60-KL26_NRF\GPIO_NRF_KL26 #
#                    \Prj\IAR\Debug\Obj\main.o F:\Project_Compotition\6.MyFre #
#                    escal_10th\New_for_platform\Freescale_K60-KL26_NRF\GPIO_ #
#                    NRF_KL26\Prj\IAR\Debug\Obj\misc.o                        #
#                    F:\Project_Compotition\6.MyFreescal_10th\New_for_platfor #
#                    m\Freescale_K60-KL26_NRF\GPIO_NRF_KL26\Prj\IAR\Debug\Obj #
#                    \MKL_adc.o F:\Project_Compotition\6.MyFreescal_10th\New_ #
#                    for_platform\Freescale_K60-KL26_NRF\GPIO_NRF_KL26\Prj\IA #
#                    R\Debug\Obj\MKL_dac.o F:\Project_Compotition\6.MyFreesca #
#                    l_10th\New_for_platform\Freescale_K60-KL26_NRF\GPIO_NRF_ #
#                    KL26\Prj\IAR\Debug\Obj\MKL_dma.o                         #
#                    F:\Project_Compotition\6.MyFreescal_10th\New_for_platfor #
#                    m\Freescale_K60-KL26_NRF\GPIO_NRF_KL26\Prj\IAR\Debug\Obj #
#                    \MKL_flash.o F:\Project_Compotition\6.MyFreescal_10th\Ne #
#                    w_for_platform\Freescale_K60-KL26_NRF\GPIO_NRF_KL26\Prj\ #
#                    IAR\Debug\Obj\MKL_gpio.o F:\Project_Compotition\6.MyFree #
#                    scal_10th\New_for_platform\Freescale_K60-KL26_NRF\GPIO_N #
#                    RF_KL26\Prj\IAR\Debug\Obj\MKL_i2c.o                      #
#                    F:\Project_Compotition\6.MyFreescal_10th\New_for_platfor #
#                    m\Freescale_K60-KL26_NRF\GPIO_NRF_KL26\Prj\IAR\Debug\Obj #
#                    \MKL_it.o F:\Project_Compotition\6.MyFreescal_10th\New_f #
#                    or_platform\Freescale_K60-KL26_NRF\GPIO_NRF_KL26\Prj\IAR #
#                    \Debug\Obj\MKL_lptmr.o F:\Project_Compotition\6.MyFreesc #
#                    al_10th\New_for_platform\Freescale_K60-KL26_NRF\GPIO_NRF #
#                    _KL26\Prj\IAR\Debug\Obj\MKL_mcg.o                        #
#                    F:\Project_Compotition\6.MyFreescal_10th\New_for_platfor #
#                    m\Freescale_K60-KL26_NRF\GPIO_NRF_KL26\Prj\IAR\Debug\Obj #
#                    \MKL_PIT.o F:\Project_Compotition\6.MyFreescal_10th\New_ #
#                    for_platform\Freescale_K60-KL26_NRF\GPIO_NRF_KL26\Prj\IA #
#                    R\Debug\Obj\MKL_port.o F:\Project_Compotition\6.MyFreesc #
#                    al_10th\New_for_platform\Freescale_K60-KL26_NRF\GPIO_NRF #
#                    _KL26\Prj\IAR\Debug\Obj\MKL_spi.o                        #
#                    F:\Project_Compotition\6.MyFreescal_10th\New_for_platfor #
#                    m\Freescale_K60-KL26_NRF\GPIO_NRF_KL26\Prj\IAR\Debug\Obj #
#                    \MKL_SysTick.o F:\Project_Compotition\6.MyFreescal_10th\ #
#                    New_for_platform\Freescale_K60-KL26_NRF\GPIO_NRF_KL26\Pr #
#                    j\IAR\Debug\Obj\MKL_TPM.o F:\Project_Compotition\6.MyFre #
#                    escal_10th\New_for_platform\Freescale_K60-KL26_NRF\GPIO_ #
#                    NRF_KL26\Prj\IAR\Debug\Obj\MKL_uart.o                    #
#                    F:\Project_Compotition\6.MyFreescal_10th\New_for_platfor #
#                    m\Freescale_K60-KL26_NRF\GPIO_NRF_KL26\Prj\IAR\Debug\Obj #
#                    \MKL_wdog.o F:\Project_Compotition\6.MyFreescal_10th\New #
#                    _for_platform\Freescale_K60-KL26_NRF\GPIO_NRF_KL26\Prj\I #
#                    AR\Debug\Obj\NRF_SmartCar.o                              #
#                    F:\Project_Compotition\6.MyFreescal_10th\New_for_platfor #
#                    m\Freescale_K60-KL26_NRF\GPIO_NRF_KL26\Prj\IAR\Debug\Obj #
#                    \startup_MKL.o F:\Project_Compotition\6.MyFreescal_10th\ #
#                    New_for_platform\Freescale_K60-KL26_NRF\GPIO_NRF_KL26\Pr #
#                    j\IAR\Debug\Obj\system_MKL.o                             #
#                    F:\Project_Compotition\6.MyFreescal_10th\New_for_platfor #
#                    m\Freescale_K60-KL26_NRF\GPIO_NRF_KL26\Prj\IAR\Debug\Obj #
#                    \vectors.o -o F:\Project_Compotition\6.MyFreescal_10th\N #
#                    ew_for_platform\Freescale_K60-KL26_NRF\GPIO_NRF_KL26\Prj #
#                    \IAR\Debug\Exe\FIRE_KL.out --map                         #
#                    F:\Project_Compotition\6.MyFreescal_10th\New_for_platfor #
#                    m\Freescale_K60-KL26_NRF\GPIO_NRF_KL26\Prj\IAR\Debug\Lis #
#                    t\FIRE_KL.map --config "F:\Project_Compotition\6.MyFrees #
#                    cal_10th\New_for_platform\Freescale_K60-KL26_NRF\GPIO_NR #
#                    F_KL26\Prj\IAR\config files\256KB_Pflash.icf"            #
#                    --semihosting --entry __iar_program_start --vfe          #
#                                                                             #
#                                                                             #
###############################################################################

*******************************************************************************
*** RUNTIME MODEL ATTRIBUTES
***

CppFlavor       = *
__SystemLibrary = DLib


*******************************************************************************
*** PLACEMENT SUMMARY
***

"A1":  place at 0x00000000 { ro section .intvec };
"A2":  place at 0x00000410 { ro section .noinit };
"P1":  place in [from 0x00000000 to 0x00040000] { ro, block CodeRelocate };
"P2":  place in [from 0x1fffe410 to 0x20006000] {
          rw, block CodeRelocateRam, block CSTACK, block HEAP };

  Section              Kind        Address    Size  Object
  -------              ----        -------    ----  ------
"A1":                                        0x410
  .intvec              const    0x00000000   0x410  vectors.o [1]
                              - 0x00000410   0x410

"P1", part 1 of 2:                             0x0
  .rodata              const    0x00000410     0x0  zero_init3.o [5]
  CodeRelocate                  0x00000410     0x0  <Block>

"A2":                                          0x8
  .noinit              ro code  0x00000410     0x8  startup_MKL.o [1]
                              - 0x00000418     0x8

"P1", part 2 of 2:                          0x3530
  .text                ro code  0x00000418   0xec6  xprintffull_nomb.o [3]
  .text                ro code  0x000012de    0x14  strchr.o [5]
  .text                ro code  0x000012f2    0x10  strlen.o [5]
  .text                ro code  0x00001302    0x18  memchr.o [5]
  .text                ro code  0x0000131a    0x6a  I64DivMod.o [5]
  .text                ro code  0x00001384    0x5c  ABImemcpy.o [5]
  .text                ro code  0x000013e0    0x44  xdnorm.o [4]
  .text                ro code  0x00001424    0x32  DblCmpLe.o [4]
  .text                ro code  0x00001456    0x32  DblCmpGe.o [4]
  .text                ro code  0x00001488   0x11c  xdscale.o [4]
  .text                ro code  0x000015a4    0x52  DblToI32.o [4]
  .text                ro code  0x000015f6    0x2a  zero_init3.o [5]
  .text                ro code  0x00001620    0x34  I32ToDbl.o [4]
  .text                ro code  0x00001654   0x1a8  DblAddSub.o [4]
  .text                ro code  0x000017fc    0xe0  I32DivModFast.o [5]
  .text                ro code  0x000018dc   0x184  DblMul.o [4]
  .text                ro code  0x00001a60    0xc2  DblDiv.o [4]
  .text                ro code  0x00001b22     0xa  xsprout.o [3]
  .text                ro code  0x00001b2c    0x68  localeconv.o [3]
  .text                ro code  0x00001b94    0x20  div.o [3]
  .text                ro code  0x00001bb4     0x2  I64DivZer.o [5]
  .text                ro code  0x00001bb8     0x2  IntDivZer.o [5]
  .text                ro code  0x00001bba     0x2  xtls.o [3]
  .text                ro code  0x00001bbc   0x534  FIRE_NRF24L0.o [1]
  .text                ro code  0x000020f0   0x35c  MKL_spi.o [1]
  .text                ro code  0x0000244c    0xd4  MKL_gpio.o [1]
  .text                ro code  0x00002520    0xa4  MKL_port.o [1]
  .text                ro code  0x000025c4    0xd0  misc.o [1]
  .text                ro code  0x00002694     0x8  abs.o [3]
  .text                ro code  0x0000269c    0x54  FIRE_MKL_conf.o [1]
  .text                ro code  0x000026f0    0x24  printf.o [3]
  .text                ro code  0x00002714   0x338  MKL_uart.o [1]
  .text                ro code  0x00002a4c   0x340  MKL_mcg.o [1]
  .data_init                    0x00002d8c   0x280  <Block>
    Initializer bytes  ro data  0x00002d8c   0x280  <for .data-1>
  .text                ro code  0x0000300c   0x1a4  main.o [1]
  .text                ro code  0x000031b0   0x110  NRF_SmartCar.o [1]
  .text                ro code  0x000032c0    0x64  MKL_SysTick.o [1]
  .text                ro code  0x00003324    0xb4  FltMul.o [4]
  .text                ro code  0x000033d8    0x3a  FltToS32.o [4]
  .text                ro code  0x00003414    0x38  sprintf.o [3]
  .text                ro code  0x0000344c    0x1c  strcat.o [3]
  .text                ro code  0x00003468   0x184  system_MKL.o [1]
  .text                ro code  0x000035ec    0x20  MKL_wdog.o [1]
  .rodata              const    0x0000360c    0x54  MKL_SysTick.o [1]
  .rodata              const    0x00003660    0x50  MKL_spi.o [1]
  .rodata              const    0x000036b0    0x4c  misc.o [1]
  .rodata              const    0x000036fc    0x3c  FIRE_MKL_conf.o [1]
  .rodata              const    0x00003738    0x30  main.o [1]
  .rodata              const    0x00003768    0x30  NRF_SmartCar.o [1]
  .rodata              const    0x00003798    0x28  main.o [1]
  .text                ro code  0x000037c0    0x28  data_init.o [5]
  .rodata              const    0x000037e8    0x24  FIRE_MKL_conf.o [1]
  .iar.init_table      const    0x0000380c    0x10  - Linker created -
  .text                ro code  0x0000381c    0x1a  cmain.o [5]
  .text                ro code  0x00003836     0x4  low_level_init.o [3]
  .text                ro code  0x0000383a     0x8  exit.o [3]
  .text                ro code  0x00003844     0xa  cexit.o [5]
  .text                ro code  0x00003850    0x14  exit.o [6]
  .rodata              const    0x00003864    0x18  xprintffull_nomb.o [3]
  .text                ro code  0x0000387c    0x16  xprout.o [3]
  .text                ro code  0x00003894    0x10  putchar.o [3]
  .text                ro code  0x000038a4     0xc  cstartup_M.o [5]
  .rodata              const    0x000038b0     0x8  FIRE_NRF24L0.o [1]
  .rodata              const    0x000038b8     0x8  NRF_SmartCar.o [1]
  Initializer bytes    ro data  0x000038c0    0x88  <for P2 s0>
                              - 0x00003948  0x3530

"P2", part 1 of 4:                           0x280
  .data                         0x1fffe410   0x280  <Block>
    .data-1                     0x1fffe410   0x280  <Init block>
      .data            inited   0x1fffe410   0x1bc  FIRE_MKL_conf.o [1]
      .data            inited   0x1fffe5cc     0x8  FIRE_NRF24L0.o [1]
      .data            inited   0x1fffe5d4     0x8  FIRE_NRF24L0.o [1]
      .data            inited   0x1fffe5dc    0x14  MKL_gpio.o [1]
      .data            inited   0x1fffe5f0    0x34  MKL_mcg.o [1]
      .data            inited   0x1fffe624     0x4  MKL_mcg.o [1]
      .data            inited   0x1fffe628    0x14  MKL_port.o [1]
      .data            inited   0x1fffe63c     0x8  MKL_spi.o [1]
      .data            inited   0x1fffe644     0xc  MKL_uart.o [1]
      .data            inited   0x1fffe650    0x40  xfiles.o [3]
                              - 0x1fffe690   0x280

"P2", part 2 of 4:                           0xa71
  .bss                          0x1fffe690   0xa71  <Block>
    .bss               zero     0x1fffe690   0xa00  FIRE_NRF24L0.o [1]
    .bss               zero     0x1ffff090     0x4  FIRE_NRF24L0.o [1]
    .bss               zero     0x1ffff094     0x4  FIRE_NRF24L0.o [1]
    .bss               zero     0x1ffff098     0x4  MKL_wdog.o [1]
    .bss               zero     0x1ffff09c     0x4  system_MKL.o [1]
    .bss               zero     0x1ffff0a0     0x4  system_MKL.o [1]
    .bss               zero     0x1ffff0a4     0x4  system_MKL.o [1]
    .bss               zero     0x1ffff0a8     0x4  system_MKL.o [1]
    .bss               zero     0x1ffff0ac    0x50  xfiles.o [3]
    .bss               zero     0x1ffff0fc     0x1  FIRE_NRF24L0.o [1]
    .bss               zero     0x1ffff0fd     0x1  FIRE_NRF24L0.o [1]
    .bss               zero     0x1ffff0fe     0x1  FIRE_NRF24L0.o [1]
    .bss               zero     0x1ffff0ff     0x1  FIRE_NRF24L0.o [1]
    .bss               zero     0x1ffff100     0x1  FIRE_NRF24L0.o [1]
                              - 0x1ffff101   0xa71

"P2", part 3 of 4:                             0x3
  CodeRelocateRam               0x1ffff101     0x0  <Block>
                              - 0x1ffff101     0x0

"P2", part 4 of 4:                            0x88
  P2 s0                         0x1ffff104    0x88  <Init block>
    __DLIB_PERTHREAD   inited   0x1ffff104    0x88  localeconv.o [3]
                              - 0x1ffff18c    0x88


*******************************************************************************
*** INIT TABLE
***

          Address     Size
          -------     ----
Zero (__iar_zero_init3)
    1 destination range, total size 0xa71:
          0x1fffe690  0xa71



*******************************************************************************
*** MODULE SUMMARY
***

    Module              ro code  ro data  rw data
    ------              -------  -------  -------
F:\Project_Compotition\6.MyFreescal_10th\New_for_platform\Freescale_K60-KL26_NRF\GPIO_NRF_KL26\Prj\IAR\Debug\Obj: [1]
    FIRE_MKL_conf.o          84      540      444
    FIRE_NRF24L0.o        1 332       24    2 589
    MKL_SysTick.o           100       84
    MKL_gpio.o              212       20       20
    MKL_mcg.o               832       56       56
    MKL_port.o              164       20       20
    MKL_spi.o               860       88        8
    MKL_uart.o              824       12       12
    MKL_wdog.o               32                 4
    NRF_SmartCar.o          272       56
    main.o                  420       88
    misc.o                  208       76
    startup_MKL.o             8
    system_MKL.o            388                16
    vectors.o                      1 040
    ---------------------------------------------
    Total:                5 736    2 104    3 169

command line: [2]
    ---------------------------------------------
    Total:

dl6M_tlf.a: [3]
    abs.o                     8
    div.o                    32
    exit.o                    8
    localeconv.o            104      136      136
    low_level_init.o          4
    printf.o                 36
    putchar.o                16
    sprintf.o                56
    strcat.o                 28
    xfiles.o                          64      144
    xprintffull_nomb.o    3 782       24
    xprout.o                 22
    xsprout.o                10
    xtls.o                    2
    ---------------------------------------------
    Total:                4 108      224      280

m6M_tl.a: [4]
    DblAddSub.o             424
    DblCmpGe.o               50
    DblCmpLe.o               50
    DblDiv.o                194
    DblMul.o                388
    DblToI32.o               82
    FltMul.o                180
    FltToS32.o               58
    I32ToDbl.o               52
    xdnorm.o                 68
    xdscale.o               284
    ---------------------------------------------
    Total:                1 830

rt6M_tl.a: [5]
    ABImemcpy.o              92
    I32DivModFast.o         224
    I64DivMod.o             106
    I64DivZer.o               2
    IntDivZer.o               2
    cexit.o                  10
    cmain.o                  26
    cstartup_M.o             12
    data_init.o              40
    memchr.o                 24
    strchr.o                 20
    strlen.o                 16
    zero_init3.o             42
    ---------------------------------------------
    Total:                  616

shb_l.a: [6]
    exit.o                   20
    ---------------------------------------------
    Total:                   20

    Gaps                     10
    Linker created                    16
-------------------------------------------------
    Grand Total:         12 320    2 344    3 449


*******************************************************************************
*** ENTRY LIST
***

Entry                      Address   Size  Type      Object
-----                      -------   ----  ----      ------
.bss$$Base              0x1fffe690          --   Gb  - Linker created -
.bss$$Limit             0x1ffff101          --   Gb  - Linker created -
.data$$Base             0x1fffe410          --   Gb  - Linker created -
.data$$Limit            0x1fffe690          --   Gb  - Linker created -
.data_init$$Base        0x00002d8c          --   Gb  - Linker created -
.data_init$$Limit       0x0000300c          --   Gb  - Linker created -
?main                   0x0000381d         Code  Gb  cmain.o [5]
ASSERT_FAILED_STR       0x000037e8   0x24  Data  Gb  FIRE_MKL_conf.o [1]
CodeRelocate$$Base      0x00000410          --   Gb  - Linker created -
CodeRelocate$$Limit     0x00000410          --   Gb  - Linker created -
CodeRelocateRam$$Base   0x1ffff101          --   Gb  - Linker created -
CodeRelocateRam$$Limit  0x1ffff101          --   Gb  - Linker created -
GPIOX                   0x1fffe5dc   0x14  Data  Gb  MKL_gpio.o [1]
Init_NRF                0x0000303b   0x28  Code  Gb  main.o [1]
NRF_ISR_RX_FIFO         0x1fffe690  0xa00  Data  Gb  FIRE_NRF24L0.o [1]
NVIC_EnableIRQ          0x0000300d    0xe  Code  Lc  main.o [1]
PORTC_PORTD_IRQHandler  0x0000301b   0x20  Code  Gb  main.o [1]
PORTX                   0x1fffe628   0x14  Data  Gb  MKL_port.o [1]
RX_ADDRESS              0x1fffe5d4    0x8  Data  Gb  FIRE_NRF24L0.o [1]
Region$$Table$$Base     0x0000380c          --   Gb  - Linker created -
Region$$Table$$Limit    0x0000381c          --   Gb  - Linker created -
Reset_Handler           0x00000411         Code  Gb  startup_MKL.o [1]
SPIN                    0x1fffe63c    0x8  Data  Gb  MKL_spi.o [1]
SendPack_Short          0x000031b1  0x100  Code  Gb  NRF_SmartCar.o [1]
TX_ADDRESS              0x1fffe5cc    0x8  Data  Gb  FIRE_NRF24L0.o [1]
UARTN                   0x1fffe644    0xc  Data  Gb  MKL_uart.o [1]
_GenldFullNoMb          0x00001011  0x29a  Code  Lc  xprintffull_nomb.o [3]
_LdtobFullNoMb          0x00000b79  0x484  Code  Lc  xprintffull_nomb.o [3]
_LitobFullNoMb          0x00000a5d  0x118  Code  Lc  xprintffull_nomb.o [3]
_Locale_aeabi_lconv     0x1ffff154   0x38  Data  Gb  localeconv.o [3]
_Locale_lconv           0x1ffff104   0x50  Data  Gb  localeconv.o [3]
_PrintfFullNoMb         0x00000419  0x644  Code  Gb  xprintffull_nomb.o [3]
_Prout                  0x0000387d   0x16  Code  Gb  xprout.o [3]
_PutcharsFullNoMb       0x000012ab   0x30  Code  Lc  xprintffull_nomb.o [3]
_SProut                 0x00001b23    0xa  Code  Gb  xsprout.o [3]
__BOOT_STACK_ADDRESS {Abs}
                        0x20005ff8          --   Gb  command line/config [2]
__VECTOR_RAM {Abs}      0x1fffe000          --   Gb  command line/config [2]
__VECTOR_TABLE {Abs}    0x00000000          --   Gb  command line/config [2]
__aeabi_cdcmple         0x00001425         Code  Gb  DblCmpLe.o [4]
__aeabi_cdrcmple        0x00001457         Code  Gb  DblCmpGe.o [4]
__aeabi_d2iz            0x000015a5         Code  Gb  DblToI32.o [4]
__aeabi_d2uiz           0x000015c9         Code  Gb  DblToI32.o [4]
__aeabi_ddiv            0x00001a61         Code  Gb  DblDiv.o [4]
__aeabi_dmul            0x000018dd         Code  Gb  DblMul.o [4]
__aeabi_dsub            0x0000170f         Code  Gb  DblAddSub.o [4]
__aeabi_f2iz            0x000033d9         Code  Gb  FltToS32.o [4]
__aeabi_fmul            0x00003325         Code  Gb  FltMul.o [4]
__aeabi_i2d             0x00001621         Code  Gb  I32ToDbl.o [4]
__aeabi_idiv            0x00001829         Code  Gb  I32DivModFast.o [5]
__aeabi_idiv0           0x00001bb9         Code  Gb  IntDivZer.o [5]
__aeabi_idivmod         0x00001829         Code  Gb  I32DivModFast.o [5]
__aeabi_ldiv0           0x00001bb5         Code  Gb  I64DivZer.o [5]
__aeabi_memcpy          0x00001385         Code  Gb  ABImemcpy.o [5]
__aeabi_memcpy4         0x000013ad         Code  Gb  ABImemcpy.o [5]
__aeabi_memcpy8         0x000013ad         Code  Gb  ABImemcpy.o [5]
__aeabi_ui2d            0x00001635         Code  Gb  I32ToDbl.o [4]
__aeabi_uidiv           0x0000182f         Code  Gb  I32DivModFast.o [5]
__aeabi_uidivmod        0x0000182f         Code  Gb  I32DivModFast.o [5]
__aeabi_uldivmod        0x0000131b         Code  Gb  I64DivMod.o [5]
__cmain                 0x0000381d         Code  Gb  cmain.o [5]
__exit                  0x00003851   0x14  Code  Gb  exit.o [6]
__iar_Dnorm             0x000013e1   0x44  Code  Gb  xdnorm.o [4]
__iar_Dscale            0x00001489  0x11c  Code  Gb  xdscale.o [4]
__iar_Locale_lconv_init
                        0x00001b2d   0x32  Code  Gb  localeconv.o [3]
__iar_Memchr            0x00001303   0x18  Code  Gb  memchr.o [5]
__iar_Stdout            0x1fffe650   0x40  Data  Gb  xfiles.o [3]
__iar_Strchr            0x000012df   0x14  Code  Gb  strchr.o [5]
__iar_d2uiz             0x000015cd         Code  Gb  DblToI32.o [4]
__iar_data_init3        0x000037c1   0x28  Code  Gb  data_init.o [5]
__iar_dlib_perthread_access
                        0x00001bbb    0x2  Code  Gb  xtls.o [3]
__iar_program_start     0x000038a5         Code  Gb  cstartup_M.o [5]
__iar_ui2d              0x00001639         Code  Gb  I32ToDbl.o [4]
__iar_zero_init3        0x000015f7   0x2a  Code  Gb  zero_init3.o [5]
__low_level_init        0x00003837    0x4  Code  Gb  low_level_init.o [3]
__vector_table          0x00000000  0x410  Data  Gb  vectors.o [1]
_call_main              0x00003829         Code  Gb  cmain.o [5]
_exit                   0x00003845         Code  Gb  cexit.o [5]
_main                   0x00003833         Code  Gb  cmain.o [5]
abs                     0x00002695    0x8  Code  Gb  abs.o [3]
assert_failed           0x0000269d   0x12  Code  Gb  FIRE_MKL_conf.o [1]
bus_clk_khz             0x1ffff0a8    0x4  Data  Gb  system_MKL.o [1]
clk_out_init            0x000034eb   0x24  Code  Gb  system_MKL.o [1]
common_startup          0x0000350f   0x92  Code  Gb  system_MKL.o [1]
core_clk_khz            0x1ffff0a0    0x4  Data  Gb  system_MKL.o [1]
core_clk_mhz            0x1ffff0a4    0x4  Data  Gb  system_MKL.o [1]
default_isr             0x000026c5   0x1c  Code  Gb  FIRE_MKL_conf.o [1]
div                     0x00001b95   0x20  Code  Gb  div.o [3]
exit                    0x0000383b    0x8  Code  Gb  exit.o [3]
fire_cpy                0x00002615   0x80  Code  Gb  misc.o [1]
fputc                   0x000026af   0x14  Code  Gb  FIRE_MKL_conf.o [1]
gpio_init               0x0000244d   0xce  Code  Gb  MKL_gpio.o [1]
localeconv              0x00001b5f   0x18  Code  Gb  localeconv.o [3]
main                    0x00003063  0x12a  Code  Gb  main.o [1]
mcg_cfg                 0x1fffe5f0   0x34  Data  Gb  MKL_mcg.o [1]
mcg_div                 0x1fffe624    0x4  Data  Gb  MKL_mcg.o [1]
mcg_div_count           0x00002a4d  0x222  Code  Gb  MKL_mcg.o [1]
nrf_handler             0x00001fa5  0x122  Code  Gb  FIRE_NRF24L0.o [1]
nrf_init                0x00001bbd   0xa8  Code  Gb  FIRE_NRF24L0.o [1]
nrf_irq_tx_addr         0x1ffff090    0x4  Data  Gb  FIRE_NRF24L0.o [1]
nrf_irq_tx_flag         0x1ffff100    0x1  Data  Gb  FIRE_NRF24L0.o [1]
nrf_irq_tx_pnum         0x1ffff094    0x4  Data  Gb  FIRE_NRF24L0.o [1]
nrf_link_check          0x00001d03   0x76  Code  Gb  FIRE_NRF24L0.o [1]
nrf_mode                0x1ffff0fc    0x1  Data  Gb  FIRE_NRF24L0.o [1]
nrf_readbuf             0x00001cdb   0x28  Code  Lc  FIRE_NRF24L0.o [1]
nrf_readreg             0x00001c8b   0x28  Code  Lc  FIRE_NRF24L0.o [1]
nrf_rx                  0x00001e21   0xe6  Code  Gb  FIRE_NRF24L0.o [1]
nrf_rx_flag             0x1ffff0ff    0x1  Data  Gb  FIRE_NRF24L0.o [1]
nrf_rx_front            0x1ffff0fd    0x1  Data  Gb  FIRE_NRF24L0.o [1]
nrf_rx_mode             0x00001d79   0x54  Code  Lc  FIRE_NRF24L0.o [1]
nrf_rx_rear             0x1ffff0fe    0x1  Data  Gb  FIRE_NRF24L0.o [1]
nrf_tx                  0x00001f15   0x62  Code  Gb  FIRE_NRF24L0.o [1]
nrf_tx_mode             0x00001dcd   0x4c  Code  Lc  FIRE_NRF24L0.o [1]
nrf_tx_state            0x00001f77   0x26  Code  Gb  FIRE_NRF24L0.o [1]
nrf_writebuf            0x00001cb3   0x28  Code  Lc  FIRE_NRF24L0.o [1]
nrf_writereg            0x00001c65   0x26  Code  Lc  FIRE_NRF24L0.o [1]
obuf                    0x1ffff0ac   0x50  Data  Lc  xfiles.o [3]
pll_clk_mhz             0x1ffff09c    0x4  Data  Gb  system_MKL.o [1]
pll_init                0x00002c81   0xb8  Code  Gb  MKL_mcg.o [1]
port_init               0x00002521   0x36  Code  Gb  MKL_port.o [1]
port_init_NoALT         0x00002557   0x60  Code  Gb  MKL_port.o [1]
printf                  0x000026f1   0x24  Code  Gb  printf.o [3]
putchar                 0x00003895   0x10  Code  Gb  putchar.o [3]
set_vector_handler      0x000025e5   0x24  Code  Gb  misc.o [1]
spi_init                0x00002237   0xc4  Code  Gb  MKL_spi.o [1]
spi_mosi                0x000022fb   0x7c  Code  Gb  MKL_spi.o [1]
spi_mosi_cmd            0x0000237d   0xb6  Code  Gb  MKL_spi.o [1]
spi_pcs_io              0x000020f1   0x4c  Code  Lc  MKL_spi.o [1]
spi_set_baud            0x0000213d   0xfa  Code  Gb  MKL_spi.o [1]
sprintf                 0x00003415   0x38  Code  Gb  sprintf.o [3]
start                   0x00003469   0x18  Code  Gb  system_MKL.o [1]
start_check             0x000026c3    0x2  Code  Gb  FIRE_MKL_conf.o [1]
strcat                  0x0000344d   0x1c  Code  Gb  strcat.o [3]
strlen                  0x000012f3   0x10  Code  Gb  strlen.o [5]
sysinit                 0x00003481   0x6a  Code  Gb  system_MKL.o [1]
systick_delay           0x000032c1   0x38  Code  Gb  MKL_SysTick.o [1]
systick_delay_ms        0x000032f9   0x18  Code  Gb  MKL_SysTick.o [1]
uart_init               0x00002715  0x2c0  Code  Gb  MKL_uart.o [1]
uart_putchar            0x000029f9   0x34  Code  Gb  MKL_uart.o [1]
vector_str              0x1fffe410  0x1bc  Data  Gb  FIRE_MKL_conf.o [1]
wdog_cfg                0x1ffff098    0x4  Data  Lc  MKL_wdog.o [1]
wdog_disable            0x000035ed   0x16  Code  Gb  MKL_wdog.o [1]
write_vtor              0x000025c5   0x20  Code  Gb  misc.o [1]


[1] = F:\Project_Compotition\6.MyFreescal_10th\New_for_platform\Freescale_K60-KL26_NRF\GPIO_NRF_KL26\Prj\IAR\Debug\Obj
[2] = command line
[3] = dl6M_tlf.a
[4] = m6M_tl.a
[5] = rt6M_tl.a
[6] = shb_l.a

  12 320 bytes of readonly  code memory
   2 344 bytes of readonly  data memory
   3 449 bytes of readwrite data memory

Errors: none
Warnings: none
