###############################################################################
#                                                                             #
# IAR ELF Linker V6.30.1.53127/W32 for ARM              03/Jul/2015  14:47:16 #
# Copyright 2007-2011 IAR Systems AB.                                         #
#                                                                             #
#    Output file  =  F:\Project_Compotition\6.MyFreescal_10th\Code\GPIO_NRF_S #
#                    ource\Prj\IAR\DZ10_Debug\Exe\vcan_Kinetis.out            #
#    Map file     =  F:\Project_Compotition\6.MyFreescal_10th\Code\GPIO_NRF_S #
#                    ource\Prj\IAR\DZ10_Debug\List\vcan_Kinetis.map           #
#    Command line =  F:\Project_Compotition\6.MyFreescal_10th\Code\GPIO_NRF_S #
#                    ource\Prj\IAR\DZ10_Debug\Obj\MK60_DWT.o                  #
#                    F:\Project_Compotition\6.MyFreescal_10th\Code\GPIO_NRF_S #
#                    ource\Prj\IAR\DZ10_Debug\Obj\MK60_PIT.o                  #
#                    F:\Project_Compotition\6.MyFreescal_10th\Code\GPIO_NRF_S #
#                    ource\Prj\IAR\DZ10_Debug\Obj\MK60_SysTick.o              #
#                    F:\Project_Compotition\6.MyFreescal_10th\Code\GPIO_NRF_S #
#                    ource\Prj\IAR\DZ10_Debug\Obj\MK60_conf.o                 #
#                    F:\Project_Compotition\6.MyFreescal_10th\Code\GPIO_NRF_S #
#                    ource\Prj\IAR\DZ10_Debug\Obj\MK60_flash.o                #
#                    F:\Project_Compotition\6.MyFreescal_10th\Code\GPIO_NRF_S #
#                    ource\Prj\IAR\DZ10_Debug\Obj\MK60_ftm.o                  #
#                    F:\Project_Compotition\6.MyFreescal_10th\Code\GPIO_NRF_S #
#                    ource\Prj\IAR\DZ10_Debug\Obj\MK60_gpio.o                 #
#                    F:\Project_Compotition\6.MyFreescal_10th\Code\GPIO_NRF_S #
#                    ource\Prj\IAR\DZ10_Debug\Obj\MK60_it.o                   #
#                    F:\Project_Compotition\6.MyFreescal_10th\Code\GPIO_NRF_S #
#                    ource\Prj\IAR\DZ10_Debug\Obj\MK60_lptmr.o                #
#                    F:\Project_Compotition\6.MyFreescal_10th\Code\GPIO_NRF_S #
#                    ource\Prj\IAR\DZ10_Debug\Obj\MK60_mcg.o                  #
#                    F:\Project_Compotition\6.MyFreescal_10th\Code\GPIO_NRF_S #
#                    ource\Prj\IAR\DZ10_Debug\Obj\MK60_port.o                 #
#                    F:\Project_Compotition\6.MyFreescal_10th\Code\GPIO_NRF_S #
#                    ource\Prj\IAR\DZ10_Debug\Obj\MK60_spi.o                  #
#                    F:\Project_Compotition\6.MyFreescal_10th\Code\GPIO_NRF_S #
#                    ource\Prj\IAR\DZ10_Debug\Obj\MK60_uart.o                 #
#                    F:\Project_Compotition\6.MyFreescal_10th\Code\GPIO_NRF_S #
#                    ource\Prj\IAR\DZ10_Debug\Obj\MK60_wdog.o                 #
#                    F:\Project_Compotition\6.MyFreescal_10th\Code\GPIO_NRF_S #
#                    ource\Prj\IAR\DZ10_Debug\Obj\NRF_DIY.o                   #
#                    F:\Project_Compotition\6.MyFreescal_10th\Code\GPIO_NRF_S #
#                    ource\Prj\IAR\DZ10_Debug\Obj\VCAN_LED.o                  #
#                    F:\Project_Compotition\6.MyFreescal_10th\Code\GPIO_NRF_S #
#                    ource\Prj\IAR\DZ10_Debug\Obj\VCAN_NRF24L0.o              #
#                    F:\Project_Compotition\6.MyFreescal_10th\Code\GPIO_NRF_S #
#                    ource\Prj\IAR\DZ10_Debug\Obj\VCAN_computer.o             #
#                    F:\Project_Compotition\6.MyFreescal_10th\Code\GPIO_NRF_S #
#                    ource\Prj\IAR\DZ10_Debug\Obj\VCAN_key.o                  #
#                    F:\Project_Compotition\6.MyFreescal_10th\Code\GPIO_NRF_S #
#                    ource\Prj\IAR\DZ10_Debug\Obj\main.o                      #
#                    F:\Project_Compotition\6.MyFreescal_10th\Code\GPIO_NRF_S #
#                    ource\Prj\IAR\DZ10_Debug\Obj\misc.o                      #
#                    F:\Project_Compotition\6.MyFreescal_10th\Code\GPIO_NRF_S #
#                    ource\Prj\IAR\DZ10_Debug\Obj\startup_MK60DZ10.o          #
#                    F:\Project_Compotition\6.MyFreescal_10th\Code\GPIO_NRF_S #
#                    ource\Prj\IAR\DZ10_Debug\Obj\system_MK60DZ10.o           #
#                    F:\Project_Compotition\6.MyFreescal_10th\Code\GPIO_NRF_S #
#                    ource\Prj\IAR\DZ10_Debug\Obj\vectors.o --redirect        #
#                    _Printf=_PrintfLargeNoMb --redirect                      #
#                    _Scanf=_ScanfLargeNoMb -o F:\Project_Compotition\6.MyFre #
#                    escal_10th\Code\GPIO_NRF_Source\Prj\IAR\DZ10_Debug\Exe\v #
#                    can_Kinetis.out --map F:\Project_Compotition\6.MyFreesca #
#                    l_10th\Code\GPIO_NRF_Source\Prj\IAR\DZ10_Debug\List\vcan #
#                    _Kinetis.map --config "F:\Project_Compotition\6.MyFreesc #
#                    al_10th\Code\GPIO_NRF_Source\Prj\IAR\config              #
#                    files\vcan_ROM_K60N512.icf"                              #
#                    F:\Project_Compotition\6.MyFreescal_10th\Code\GPIO_NRF_S #
#                    ource\Prj\IAR\..\..\Lib\CMSIS\iar_cortexM4l_math.a       #
#                    --entry __iar_program_start --vfe                        #
#                                                                             #
#                                                                             #
###############################################################################

*******************************************************************************
*** RUNTIME MODEL ATTRIBUTES
***

CppFlavor       = *
__SystemLibrary = DLib


*******************************************************************************
*** PLACEMENT SUMMARY
***

"A1":  place at 0x00000000 { ro section .intvec };
"A2":  place at 0x00000410 { ro section .noinit };
"P1":  place in [from 0x00000000 to 0x00080000] { ro, block CodeRelocate };
"P2":  place in [from 0x1fff0410 to 0x20010000] {
          rw, block CodeRelocateRam, block CSTACK, block HEAP };

  Section              Kind        Address    Size  Object
  -------              ----        -------    ----  ------
"A1":                                        0x410
  .intvec              const    0x00000000   0x410  vectors.o [1]
                              - 0x00000410   0x410

"A2":                                          0x8
  .noinit              ro code  0x00000410     0x8  startup_MK60DZ10.o [1]
                              - 0x00000418     0x8

"P1":                                       0x426c
  .text                ro code  0x00000418   0xb5e  xprintflarge_nomb.o [3]
  .text                ro code  0x00000f76    0x22  zero_init3.o [5]
  .text                ro code  0x00000f98    0x16  strchr.o [5]
  .text                ro code  0x00000fae     0xa  xsprout.o [3]
  .text                ro code  0x00000fb8    0x36  strlen.o [5]
  .text                ro code  0x00000ff0    0x58  memchr.o [5]
  .text                ro code  0x00001048    0xee  I64DivMod.o [5]
  .text                ro code  0x00001138    0x76  ABImemcpy.o [5]
  .text                ro code  0x000011ae    0x44  xdnorm.o [4]
  .text                ro code  0x000011f4    0x2e  DblCmpLe.o [4]
  .text                ro code  0x00001224   0x1a2  DblMul.o [4]
  .text                ro code  0x000013c8   0x246  DblDiv.o [4]
  .text                ro code  0x00001610    0x2c  DblToI32.o [4]
  .text                ro code  0x0000163c    0x1c  I32ToDbl.o [4]
  .text                ro code  0x00001658   0x180  DblSub.o [4]
  .text                ro code  0x000017d8    0x6c  localeconv.o [3]
  .text                ro code  0x00001844     0xe  div.o [3]
  .text                ro code  0x00001854     0x2  I64DivZer.o [5]
  .text                ro code  0x00001858    0xd4  DblAdd.o [4]
  .text                ro code  0x0000192c     0x2  xtls.o [3]
  .data_init                    0x00001930   0x804  <Block>
    Initializer bytes  ro data  0x00001930   0x804  <for .data-1>
  .text                ro code  0x00002134   0x678  MK60_spi.o [1]
  .text                ro code  0x000027ac    0xb0  MK60_port.o [1]
  Veneer               ro code  0x0000285c     0x8  - Linker created -
  Veneer               ro code  0x00002864     0x8  - Linker created -
  .text                ro code  0x0000286c   0x140  MK60_conf.o [1]
  .text                ro code  0x000029ac     0x8  abs.o [3]
  .text                ro code  0x000029b4    0x70  VCAN_LED.o [1]
  .text                ro code  0x00002a24    0x24  printf.o [3]
  .text                ro code  0x00002a48    0x64  MK60_SysTick.o [1]
  .text                ro code  0x00002aac   0x24c  MK60_uart.o [1]
  .text                ro code  0x00002cf8    0x9c  VCAN_key.o [1]
  .text                ro code  0x00002d94   0x128  MK60_gpio.o [1]
  .text                ro code  0x00002ebc   0x54c  VCAN_NRF24L0.o [1]
  .text                ro code  0x00003408    0xcc  misc.o [1]
  Veneer               ro code  0x000034d4     0x8  - Linker created -
  .text                ro code  0x000034dc   0x3dc  MK60_mcg.o [1]
  .text                ro code  0x000038b8   0x1fc  main.o [1]
  .text                ro code  0x00003ab4    0xf4  MK60_ftm.o [1]
  .text                ro code  0x00003ba8   0x150  NRF_DIY.o [1]
  .text                ro code  0x00003cf8    0xd8  FltMul.o [4]
  .text                ro code  0x00003dd0    0x44  FltToS32.o [4]
  .text                ro code  0x00003e14    0x34  sprintf.o [3]
  .text                ro code  0x00003e48    0x1e  strcat.o [3]
  CodeRelocate                  0x00003e68   0x1c8  <Block>
    Initializer bytes  ro data  0x00003e68   0x1c8  <for CodeRelocateRam-1>
  .text                ro code  0x00004030   0x130  system_MK60DZ10.o [1]
  .text                ro code  0x00004160    0x40  MK60_wdog.o [1]
  .rodata              const    0x000041a0    0x58  MK60_SysTick.o [1]
  .rodata              const    0x000041f8    0x54  MK60_flash.o [1]
  .rodata              const    0x0000424c    0x54  MK60_ftm.o [1]
  .rodata              const    0x000042a0    0x54  MK60_gpio.o [1]
  .rodata              const    0x000042f4    0x54  MK60_spi.o [1]
  .rodata              const    0x00004348    0x54  MK60_uart.o [1]
  .rodata              const    0x0000439c    0x50  misc.o [1]
  .rodata              const    0x000043ec    0x40  MK60_spi.o [1]
  .rodata              const    0x0000442c    0x3c  MK60_conf.o [1]
  .rodata              const    0x00004468    0x30  NRF_DIY.o [1]
  .rodata              const    0x00004498    0x30  main.o [1]
  .text                ro code  0x000044c8    0x2c  data_init3.o [5]
  .rodata              const    0x000044f4    0x28  main.o [1]
  .rodata              const    0x0000451c    0x24  MK60_conf.o [1]
  .iar.init_table      const    0x00004540    0x10  - Linker created -
  .rodata              const    0x00004550    0x20  MK60_conf.o [1]
  .rodata              const    0x00004570    0x1c  VCAN_NRF24L0.o [1]
  .text                ro code  0x0000458c    0x16  cmain.o [5]
  .text                ro code  0x000045a2     0x4  low_level_init.o [3]
  .text                ro code  0x000045a6     0x4  exit.o [3]
  .text                ro code  0x000045ac     0xa  cexit.o [5]
  .text                ro code  0x000045b8     0xc  XXexit.o [5]
  .text                ro code  0x000045c4    0x16  xprout.o [3]
  .text                ro code  0x000045dc     0xc  putchar.o [3]
  .rodata              const    0x000045e8    0x14  MK60_conf.o [1]
  .rodata              const    0x000045fc     0xc  VCAN_NRF24L0.o [1]
  .rodata              const    0x00004608     0xc  VCAN_NRF24L0.o [1]
  .text                ro code  0x00004614     0xc  cstartup_M.o [5]
  .rodata              const    0x00004620     0x8  NRF_DIY.o [1]
  .rodata              const    0x00004628     0x8  VCAN_NRF24L0.o [1]
  .rodata              const    0x00004630     0x4  MK60_spi.o [1]
  .rodata              const    0x00004634     0x0  bwt_init3c.o [5]
  Initializer bytes    ro data  0x00004634    0x50  <for P2 s0>
                              - 0x00004684  0x426c

"P2", part 1 of 3:                           0x9cc
  .data                         0x1fff0410   0x804  <Block>
    .data-1                     0x1fff0410   0x804  <Init block>
      .data            inited   0x1fff0410   0x708  MK60_conf.o [1]
      .data            inited   0x1fff0b18     0xc  MK60_ftm.o [1]
      .data            inited   0x1fff0b24    0x14  MK60_gpio.o [1]
      .data            inited   0x1fff0b38    0x44  MK60_mcg.o [1]
      .data            inited   0x1fff0b7c     0x4  MK60_mcg.o [1]
      .data            inited   0x1fff0b80    0x14  MK60_port.o [1]
      .data            inited   0x1fff0b94     0xc  MK60_spi.o [1]
      .data            inited   0x1fff0ba0    0x18  MK60_uart.o [1]
      .data            inited   0x1fff0bb8     0x4  VCAN_LED.o [1]
      .data            inited   0x1fff0bbc     0x8  VCAN_NRF24L0.o [1]
      .data            inited   0x1fff0bc4     0x8  VCAN_NRF24L0.o [1]
      .data            inited   0x1fff0bcc     0x8  VCAN_key.o [1]
      .data            inited   0x1fff0bd4    0x40  xfiles.o [3]
  CodeRelocateRam               0x1fff0c14   0x1c8  <Block>
    CodeRelocateRam-1           0x1fff0c14   0x1c8  <Init block>
      Veneer           inited   0x1fff0c14     0x8  - Linker created -
      Veneer           inited   0x1fff0c1c     0x8  - Linker created -
      .textrw          inited   0x1fff0c24   0x168  MK60_flash.o [1]
      .textrw          inited   0x1fff0d8c    0x50  MK60_mcg.o [1]
                              - 0x1fff0ddc   0x9cc

"P2", part 2 of 3:                           0xa78
  .bss                          0x1fff0ddc   0xa75  <Block>
    .bss               zero     0x1fff0ddc     0xc  MK60_ftm.o [1]
    .bss               zero     0x1fff0de8   0xa00  VCAN_NRF24L0.o [1]
    .bss               zero     0x1fff17e8     0x4  VCAN_NRF24L0.o [1]
    .bss               zero     0x1fff17ec     0x4  VCAN_NRF24L0.o [1]
    .bss               zero     0x1fff17f0     0x4  system_MK60DZ10.o [1]
    .bss               zero     0x1fff17f4     0x4  system_MK60DZ10.o [1]
    .bss               zero     0x1fff17f8     0x4  system_MK60DZ10.o [1]
    .bss               zero     0x1fff17fc    0x50  xfiles.o [3]
    .bss               zero     0x1fff184c     0x1  VCAN_NRF24L0.o [1]
    .bss               zero     0x1fff184d     0x1  VCAN_NRF24L0.o [1]
    .bss               zero     0x1fff184e     0x1  VCAN_NRF24L0.o [1]
    .bss               zero     0x1fff184f     0x1  VCAN_NRF24L0.o [1]
    .bss               zero     0x1fff1850     0x1  VCAN_NRF24L0.o [1]
                              - 0x1fff1851   0xa75

"P2", part 3 of 3:                            0x50
  P2 s0                         0x1fff1854    0x50  <Init block>
    __DLIB_PERTHREAD   inited   0x1fff1854    0x50  localeconv.o [3]
                              - 0x1fff18a4    0x50


*******************************************************************************
*** INIT TABLE
***

          Address     Size
          -------     ----
Zero (__iar_zero_init3)
    1 destination range, total size 0xa75:
          0x1fff0ddc  0xa75



*******************************************************************************
*** MODULE SUMMARY
***

    Module               ro code  rw code  ro data  rw data
    ------               -------  -------  -------  -------
F:\Project_Compotition\6.MyFreescal_10th\Code\GPIO_NRF_Source\Prj\IAR\DZ10_Debug\Obj: [1]
    MK60_SysTick.o           100                88
    MK60_conf.o              320             1 948    1 800
    MK60_flash.o                      360      444
    MK60_ftm.o               244                96       24
    MK60_gpio.o              296               104       20
    MK60_mcg.o               988       80      152       72
    MK60_port.o              176                20       20
    MK60_spi.o             1 656               164       12
    MK60_uart.o              588               108       24
    MK60_wdog.o               64
    NRF_DIY.o                336                56
    VCAN_LED.o               112                 4        4
    VCAN_NRF24L0.o         1 356                76    2 589
    VCAN_key.o               156                 8        8
    main.o                   508                88
    misc.o                   204                80
    startup_MK60DZ10.o         8
    system_MK60DZ10.o        304                         12
    vectors.o                                1 040
    -------------------------------------------------------
    Total:                 7 416      440    4 476    4 585

command line: [2]
    -------------------------------------------------------
    Total:

dl7M_tlf.a: [3]
    abs.o                      8
    div.o                     14
    exit.o                     4
    localeconv.o             108                80       80
    low_level_init.o           4
    printf.o                  36
    putchar.o                 12
    sprintf.o                 52
    strcat.o                  30
    xfiles.o                                    64      144
    xprintflarge_nomb.o    2 910
    xprout.o                  22
    xsprout.o                 10
    xtls.o                     2
    -------------------------------------------------------
    Total:                 3 212               144      224

m7M_tl.a: [4]
    DblAdd.o                 212
    DblCmpLe.o                46
    DblDiv.o                 582
    DblMul.o                 418
    DblSub.o                 384
    DblToI32.o                44
    FltMul.o                 216
    FltToS32.o                68
    I32ToDbl.o                28
    xdnorm.o                  68
    -------------------------------------------------------
    Total:                 2 066

rt7M_tl.a: [5]
    ABImemcpy.o              118
    I64DivMod.o              238
    I64DivZer.o                2
    XXexit.o                  12
    bwt_init3c.o
    cexit.o                   10
    cmain.o                   22
    cstartup_M.o              12
    data_init3.o              44
    memchr.o                  88
    strchr.o                  22
    strlen.o                  54
    zero_init3.o              34
    -------------------------------------------------------
    Total:                   656

    Gaps                      22                          4
    Linker created            24       16       32
-----------------------------------------------------------
    Grand Total:          13 396      456    4 652    4 813


*******************************************************************************
*** ENTRY LIST
***

Entry                      Address   Size  Type      Object
-----                      -------   ----  ----      ------
.bss$$Base              0x1fff0ddc          --   Gb  - Linker created -
.bss$$Limit             0x1fff1851          --   Gb  - Linker created -
.data$$Base             0x1fff0410          --   Gb  - Linker created -
.data$$Limit            0x1fff0c14          --   Gb  - Linker created -
.data_init$$Base        0x00001930          --   Gb  - Linker created -
.data_init$$Limit       0x00002134          --   Gb  - Linker created -
?main                   0x0000458d         Code  Gb  cmain.o [5]
ASSERT_FAILED_STR       0x0000451c   0x24  Data  Gb  MK60_conf.o [1]
CodeRelocate$$Base      0x00003e68          --   Gb  - Linker created -
CodeRelocate$$Limit     0x00004030          --   Gb  - Linker created -
CodeRelocateRam$$Base   0x1fff0c14          --   Gb  - Linker created -
CodeRelocateRam$$Limit  0x1fff0ddc          --   Gb  - Linker created -
FTMN                    0x1fff0b18    0xc  Data  Gb  MK60_ftm.o [1]
GPIOX                   0x1fff0b24   0x14  Data  Gb  MK60_gpio.o [1]
Init_NRF                0x0000390b   0x28  Code  Gb  main.o [1]
KEY_PTxn                0x1fff0bcc    0x8  Data  Gb  VCAN_key.o [1]
LED_PTxn                0x1fff0bb8    0x4  Data  Gb  VCAN_LED.o [1]
NRF_ISR_RX_FIFO         0x1fff0de8  0xa00  Data  Gb  VCAN_NRF24L0.o [1]
NVIC_DisableIRQ         0x000038d1   0x18  Code  Lc  main.o [1]
NVIC_EnableIRQ          0x000038b9   0x18  Code  Lc  main.o [1]
NVIC_SystemReset        0x0000286d   0x1a  Code  Lc  MK60_conf.o [1]
PORTE_IRQHandler        0x000038e9   0x22  Code  Gb  main.o [1]
PORTX                   0x1fff0b80   0x14  Data  Gb  MK60_port.o [1]
RX_ADDRESS              0x1fff0bc4    0x8  Data  Gb  VCAN_NRF24L0.o [1]
Region$$Table$$Base     0x00004540          --   Gb  - Linker created -
Region$$Table$$Limit    0x00004550          --   Gb  - Linker created -
Reset_Handler           0x00000411         Code  Gb  startup_MK60DZ10.o [1]
SPIN                    0x1fff0b94    0xc  Data  Gb  MK60_spi.o [1]
SendPack_Short          0x00003ba9  0x140  Code  Gb  NRF_DIY.o [1]
TX_ADDRESS              0x1fff0bbc    0x8  Data  Gb  VCAN_NRF24L0.o [1]
UARTN                   0x1fff0ba0   0x18  Data  Gb  MK60_uart.o [1]
_GenldLargeNoMb         0x00000ced  0x242  Code  Lc  xprintflarge_nomb.o [3]
_LdtobLargeNoMb         0x00000a65  0x276  Code  Lc  xprintflarge_nomb.o [3]
_LitobLargeNoMb         0x0000093f  0x126  Code  Lc  xprintflarge_nomb.o [3]
_Locale_lconv           0x1fff1854   0x50  Data  Gb  localeconv.o [3]
_PrintfLargeNoMb        0x00000419  0x526  Code  Gb  xprintflarge_nomb.o [3]
_Prout                  0x000045c5   0x16  Code  Gb  xprout.o [3]
_PutcharsLargeNoMb      0x00000f2f   0x2e  Code  Lc  xprintflarge_nomb.o [3]
_SProut                 0x00000faf    0xa  Code  Gb  xsprout.o [3]
__BOOT_STACK_ADDRESS {Abs}
                        0x2000fff8          --   Gb  command line/config [2]
__VECTOR_RAM {Abs}      0x1fff0000          --   Gb  command line/config [2]
__VECTOR_TABLE {Abs}    0x00000000          --   Gb  command line/config [2]
__aeabi_cdcmple         0x000011f5         Code  Gb  DblCmpLe.o [4]
__aeabi_d2uiz           0x00001611         Code  Gb  DblToI32.o [4]
__aeabi_ddiv            0x000013c9         Code  Gb  DblDiv.o [4]
__aeabi_dmul            0x00001225         Code  Gb  DblMul.o [4]
__aeabi_dsub            0x00001659         Code  Gb  DblSub.o [4]
__aeabi_f2iz            0x00003dd1         Code  Gb  FltToS32.o [4]
__aeabi_fmul            0x00003cf9         Code  Gb  FltMul.o [4]
__aeabi_ldiv0           0x00001855         Code  Gb  I64DivZer.o [5]
__aeabi_memcpy          0x00001139         Code  Gb  ABImemcpy.o [5]
__aeabi_memcpy4         0x00001159         Code  Gb  ABImemcpy.o [5]
__aeabi_memcpy8         0x00001159         Code  Gb  ABImemcpy.o [5]
__aeabi_ui2d            0x0000163d         Code  Gb  I32ToDbl.o [4]
__aeabi_uldivmod        0x00001049         Code  Gb  I64DivMod.o [5]
__cmain                 0x0000458d         Code  Gb  cmain.o [5]
__code_start__ {Abs}    0x00000410          --   Gb  command line/config [2]
__exit                  0x000045b9         Code  Gb  XXexit.o [5]
__iar_Dnorm             0x000011af   0x44  Code  Gb  xdnorm.o [4]
__iar_Locale_lconv_init
                        0x000017d9   0x3a  Code  Gb  localeconv.o [3]
__iar_Memchr            0x00000ff1         Code  Gb  memchr.o [5]
__iar_SB                0x00004634         Data  Gb  bwt_init3c.o [5]
__iar_Stdout            0x1fff0bd4   0x40  Data  Gb  xfiles.o [3]
__iar_Strchr            0x00000f99         Code  Gb  strchr.o [5]
__iar_d2uiz             0x0000161d         Code  Gb  DblToI32.o [4]
__iar_dadd              0x00001859         Code  Gb  DblAdd.o [4]
__iar_data_init3        0x000044c9   0x2c  Code  Gb  data_init3.o [5]
__iar_default_requirements$$_Printf<unknown>printf {Abs}
                        0x00000000          --   Gb  printf.o [3]
__iar_default_requirements$$_Printf<unknown>sprintf {Abs}
                        0x00000000          --   Gb  sprintf.o [3]
__iar_dlib_perthread_access
                        0x0000192d    0x2  Code  Gb  xtls.o [3]
__iar_dsub              0x0000166d         Code  Gb  DblSub.o [4]
__iar_dsubStart         0x0000167f         Code  Gb  DblSub.o [4]
__iar_program_start     0x00004615         Code  Gb  cstartup_M.o [5]
__iar_provide$$_Printf<flags,floats,int_specials,long_longs,n_formatters,qualifiers,widths>_PrintfLargeNoMb {Abs}
                        0x00000000          --   Gb  xprintflarge_nomb.o [3]
__iar_ui2d              0x00001641         Code  Gb  I32ToDbl.o [4]
__iar_zero_init3        0x00000f77   0x22  Code  Gb  zero_init3.o [5]
__low_level_init        0x000045a3    0x4  Code  Gb  low_level_init.o [3]
__vector_table          0x00000000  0x410  Data  Gb  vectors.o [1]
_call_main              0x00004599         Code  Gb  cmain.o [5]
_exit                   0x000045ad         Code  Gb  cexit.o [5]
_main                   0x0000459f         Code  Gb  cmain.o [5]
abs                     0x000029ad    0x8  Code  Gb  abs.o [3]
assert_failed           0x00002887   0x26  Code  Gb  MK60_conf.o [1]
bus_clk_khz             0x1fff17f8    0x4  Data  Gb  system_MK60DZ10.o [1]
common_startup          0x0000408f   0x98  Code  Gb  system_MK60DZ10.o [1]
core_clk_khz            0x1fff17f0    0x4  Data  Gb  system_MK60DZ10.o [1]
core_clk_mhz            0x1fff17f4    0x4  Data  Gb  system_MK60DZ10.o [1]
default_isr             0x0000295b   0x30  Code  Gb  MK60_conf.o [1]
div                     0x00001845    0xe  Code  Gb  div.o [3]
exit                    0x000045a7    0x4  Code  Gb  exit.o [3]
flash_cmd               0x1fff0c25   0x20  Code  Gb  MK60_flash.o [1]
flash_erase_sector      0x1fff0c75   0x58  Code  Gb  MK60_flash.o [1]
flash_init              0x1fff0c45   0x30  Code  Gb  MK60_flash.o [1]
flash_write             0x1fff0ccd   0x90  Code  Gb  MK60_flash.o [1]
fputc                   0x000028ad   0x14  Code  Gb  MK60_conf.o [1]
ftm_mod                 0x1fff0ddc    0xc  Data  Lc  MK60_ftm.o [1]
ftm_pwm_duty            0x00003ab5   0xe8  Code  Gb  MK60_ftm.o [1]
gpio_get                0x00002e7b   0x3a  Code  Gb  MK60_gpio.o [1]
gpio_init               0x00002d95   0xae  Code  Gb  MK60_gpio.o [1]
gpio_turn               0x00002e43   0x38  Code  Gb  MK60_gpio.o [1]
key_check               0x00002d65   0x2a  Code  Gb  VCAN_key.o [1]
key_get                 0x00002d4b   0x1a  Code  Gb  VCAN_key.o [1]
key_init                0x00002cf9   0x52  Code  Gb  VCAN_key.o [1]
led_init                0x000029b5   0x3a  Code  Gb  VCAN_LED.o [1]
led_turn                0x000029ef   0x32  Code  Gb  VCAN_LED.o [1]
localeconv              0x00001813   0x16  Code  Gb  localeconv.o [3]
main                    0x00003933  0x15e  Code  Gb  main.o [1]
mcg_cfg                 0x1fff0b38   0x44  Data  Gb  MK60_mcg.o [1]
mcg_div                 0x1fff0b7c    0x4  Data  Gb  MK60_mcg.o [1]
mcg_div_count           0x000034dd  0x30e  Code  Gb  MK60_mcg.o [1]
memchr                  0x00000ff1         Code  Gb  memchr.o [5]
nrf_handler             0x00003297  0x12c  Code  Gb  VCAN_NRF24L0.o [1]
nrf_init                0x00002ebd   0xa8  Code  Gb  VCAN_NRF24L0.o [1]
nrf_irq_tx_addr         0x1fff17e8    0x4  Data  Gb  VCAN_NRF24L0.o [1]
nrf_irq_tx_flag         0x1fff1850    0x1  Data  Gb  VCAN_NRF24L0.o [1]
nrf_irq_tx_pnum         0x1fff17ec    0x4  Data  Gb  VCAN_NRF24L0.o [1]
nrf_link_check          0x00003003   0x78  Code  Gb  VCAN_NRF24L0.o [1]
nrf_mode                0x1fff184c    0x1  Data  Gb  VCAN_NRF24L0.o [1]
nrf_readbuf             0x00002fdb   0x28  Code  Lc  VCAN_NRF24L0.o [1]
nrf_readreg             0x00002f8b   0x28  Code  Lc  VCAN_NRF24L0.o [1]
nrf_rx                  0x00003153   0xca  Code  Gb  VCAN_NRF24L0.o [1]
nrf_rx_flag             0x1fff184f    0x1  Data  Gb  VCAN_NRF24L0.o [1]
nrf_rx_front            0x1fff184d    0x1  Data  Gb  VCAN_NRF24L0.o [1]
nrf_rx_mode             0x0000307b   0x50  Code  Lc  VCAN_NRF24L0.o [1]
nrf_rx_rear             0x1fff184e    0x1  Data  Gb  VCAN_NRF24L0.o [1]
nrf_tx                  0x0000321d   0x56  Code  Gb  VCAN_NRF24L0.o [1]
nrf_tx_mode             0x000030cb   0x88  Code  Lc  VCAN_NRF24L0.o [1]
nrf_tx_state            0x00003273   0x24  Code  Gb  VCAN_NRF24L0.o [1]
nrf_writebuf            0x00002fb3   0x28  Code  Lc  VCAN_NRF24L0.o [1]
nrf_writereg            0x00002f65   0x26  Code  Lc  VCAN_NRF24L0.o [1]
obuf                    0x1fff17fc   0x50  Data  Lc  xfiles.o [3]
pll_init                0x000037eb   0xb2  Code  Gb  MK60_mcg.o [1]
port_init               0x000027ad   0x44  Code  Gb  MK60_port.o [1]
port_init_NoALT         0x000027f1   0x62  Code  Gb  MK60_port.o [1]
printf                  0x00002a25   0x24  Code  Gb  printf.o [3]
putchar                 0x000045dd    0xc  Code  Gb  putchar.o [3]
set_sys_dividers        0x1fff0d8d   0x50  Code  Gb  MK60_mcg.o [1]
set_vector_handler      0x0000342b   0x22  Code  Gb  misc.o [1]
spi_init                0x00002135  0x336  Code  Gb  MK60_spi.o [1]
spi_mosi                0x0000246b  0x110  Code  Gb  MK60_spi.o [1]
spi_mosi_cmd            0x0000257b  0x20c  Code  Gb  MK60_spi.o [1]
sprintf                 0x00003e15   0x34  Code  Gb  sprintf.o [3]
start                   0x00004031   0x22  Code  Gb  system_MK60DZ10.o [1]
start_check             0x000028c1   0x9a  Code  Gb  MK60_conf.o [1]
strcat                  0x00003e49   0x1e  Code  Gb  strcat.o [3]
strchr                  0x00000f99         Code  Gb  strchr.o [5]
strlen                  0x00000fb9         Code  Gb  strlen.o [5]
sysinit                 0x00004053   0x3c  Code  Gb  system_MK60DZ10.o [1]
systick_delay           0x00002a49   0x36  Code  Gb  MK60_SysTick.o [1]
systick_delay_ms        0x00002a7f   0x18  Code  Gb  MK60_SysTick.o [1]
uart_init               0x00002aad  0x218  Code  Gb  MK60_uart.o [1]
uart_putchar            0x00002cc5   0x1a  Code  Gb  MK60_uart.o [1]
vcan_cpy                0x00003459   0x7c  Code  Gb  misc.o [1]
vector_str              0x1fff0410  0x708  Data  Gb  MK60_conf.o [1]
wdog_disable            0x00004161   0x16  Code  Gb  MK60_wdog.o [1]
wdog_unlock             0x00004177   0x20  Code  Lc  MK60_wdog.o [1]
write_vtor              0x00003409   0x22  Code  Gb  misc.o [1]


[1] = F:\Project_Compotition\6.MyFreescal_10th\Code\GPIO_NRF_Source\Prj\IAR\DZ10_Debug\Obj
[2] = command line
[3] = dl7M_tlf.a
[4] = m7M_tl.a
[5] = rt7M_tl.a

  13 396 bytes of readonly  code memory
     456 bytes of readwrite code memory
   4 652 bytes of readonly  data memory
   4 813 bytes of readwrite data memory

Errors: none
Warnings: none
