###############################################################################
#                                                                             #
# IAR ELF Linker V6.70.1.5641/W32 for ARM               22/Apr/2016  15:02:47 #
# Copyright 2007-2013 IAR Systems AB.                                         #
#                                                                             #
#    Output file  =  F:\Project_Compotition\6.MyFreescal_10th\New_for_platfor #
#                    m\Freescale_K60-KL26_NRF\GPIO_NRF_K60\Prj\IAR\DZ10_Debug #
#                    \Exe\vcan_Kinetis.out                                    #
#    Map file     =  F:\Project_Compotition\6.MyFreescal_10th\New_for_platfor #
#                    m\Freescale_K60-KL26_NRF\GPIO_NRF_K60\Prj\IAR\DZ10_Debug #
#                    \List\vcan_Kinetis.map                                   #
#    Command line =  F:\Project_Compotition\6.MyFreescal_10th\New_for_platfor #
#                    m\Freescale_K60-KL26_NRF\GPIO_NRF_K60\Prj\IAR\DZ10_Debug #
#                    \Obj\main.o F:\Project_Compotition\6.MyFreescal_10th\New #
#                    _for_platform\Freescale_K60-KL26_NRF\GPIO_NRF_K60\Prj\IA #
#                    R\DZ10_Debug\Obj\misc.o F:\Project_Compotition\6.MyFrees #
#                    cal_10th\New_for_platform\Freescale_K60-KL26_NRF\GPIO_NR #
#                    F_K60\Prj\IAR\DZ10_Debug\Obj\MK60_conf.o                 #
#                    F:\Project_Compotition\6.MyFreescal_10th\New_for_platfor #
#                    m\Freescale_K60-KL26_NRF\GPIO_NRF_K60\Prj\IAR\DZ10_Debug #
#                    \Obj\MK60_DWT.o F:\Project_Compotition\6.MyFreescal_10th #
#                    \New_for_platform\Freescale_K60-KL26_NRF\GPIO_NRF_K60\Pr #
#                    j\IAR\DZ10_Debug\Obj\MK60_flash.o                        #
#                    F:\Project_Compotition\6.MyFreescal_10th\New_for_platfor #
#                    m\Freescale_K60-KL26_NRF\GPIO_NRF_K60\Prj\IAR\DZ10_Debug #
#                    \Obj\MK60_ftm.o F:\Project_Compotition\6.MyFreescal_10th #
#                    \New_for_platform\Freescale_K60-KL26_NRF\GPIO_NRF_K60\Pr #
#                    j\IAR\DZ10_Debug\Obj\MK60_gpio.o                         #
#                    F:\Project_Compotition\6.MyFreescal_10th\New_for_platfor #
#                    m\Freescale_K60-KL26_NRF\GPIO_NRF_K60\Prj\IAR\DZ10_Debug #
#                    \Obj\MK60_it.o F:\Project_Compotition\6.MyFreescal_10th\ #
#                    New_for_platform\Freescale_K60-KL26_NRF\GPIO_NRF_K60\Prj #
#                    \IAR\DZ10_Debug\Obj\MK60_lptmr.o                         #
#                    F:\Project_Compotition\6.MyFreescal_10th\New_for_platfor #
#                    m\Freescale_K60-KL26_NRF\GPIO_NRF_K60\Prj\IAR\DZ10_Debug #
#                    \Obj\MK60_mcg.o F:\Project_Compotition\6.MyFreescal_10th #
#                    \New_for_platform\Freescale_K60-KL26_NRF\GPIO_NRF_K60\Pr #
#                    j\IAR\DZ10_Debug\Obj\MK60_PIT.o                          #
#                    F:\Project_Compotition\6.MyFreescal_10th\New_for_platfor #
#                    m\Freescale_K60-KL26_NRF\GPIO_NRF_K60\Prj\IAR\DZ10_Debug #
#                    \Obj\MK60_port.o F:\Project_Compotition\6.MyFreescal_10t #
#                    h\New_for_platform\Freescale_K60-KL26_NRF\GPIO_NRF_K60\P #
#                    rj\IAR\DZ10_Debug\Obj\MK60_spi.o                         #
#                    F:\Project_Compotition\6.MyFreescal_10th\New_for_platfor #
#                    m\Freescale_K60-KL26_NRF\GPIO_NRF_K60\Prj\IAR\DZ10_Debug #
#                    \Obj\MK60_SysTick.o F:\Project_Compotition\6.MyFreescal_ #
#                    10th\New_for_platform\Freescale_K60-KL26_NRF\GPIO_NRF_K6 #
#                    0\Prj\IAR\DZ10_Debug\Obj\MK60_uart.o                     #
#                    F:\Project_Compotition\6.MyFreescal_10th\New_for_platfor #
#                    m\Freescale_K60-KL26_NRF\GPIO_NRF_K60\Prj\IAR\DZ10_Debug #
#                    \Obj\MK60_wdog.o F:\Project_Compotition\6.MyFreescal_10t #
#                    h\New_for_platform\Freescale_K60-KL26_NRF\GPIO_NRF_K60\P #
#                    rj\IAR\DZ10_Debug\Obj\NRF_SmartCar.o                     #
#                    F:\Project_Compotition\6.MyFreescal_10th\New_for_platfor #
#                    m\Freescale_K60-KL26_NRF\GPIO_NRF_K60\Prj\IAR\DZ10_Debug #
#                    \Obj\startup_MK60DZ10.o F:\Project_Compotition\6.MyFrees #
#                    cal_10th\New_for_platform\Freescale_K60-KL26_NRF\GPIO_NR #
#                    F_K60\Prj\IAR\DZ10_Debug\Obj\system_MK60DZ10.o           #
#                    F:\Project_Compotition\6.MyFreescal_10th\New_for_platfor #
#                    m\Freescale_K60-KL26_NRF\GPIO_NRF_K60\Prj\IAR\DZ10_Debug #
#                    \Obj\VCAN_computer.o F:\Project_Compotition\6.MyFreescal #
#                    _10th\New_for_platform\Freescale_K60-KL26_NRF\GPIO_NRF_K #
#                    60\Prj\IAR\DZ10_Debug\Obj\VCAN_key.o                     #
#                    F:\Project_Compotition\6.MyFreescal_10th\New_for_platfor #
#                    m\Freescale_K60-KL26_NRF\GPIO_NRF_K60\Prj\IAR\DZ10_Debug #
#                    \Obj\VCAN_LED.o F:\Project_Compotition\6.MyFreescal_10th #
#                    \New_for_platform\Freescale_K60-KL26_NRF\GPIO_NRF_K60\Pr #
#                    j\IAR\DZ10_Debug\Obj\VCAN_NRF24L0.o                      #
#                    F:\Project_Compotition\6.MyFreescal_10th\New_for_platfor #
#                    m\Freescale_K60-KL26_NRF\GPIO_NRF_K60\Prj\IAR\DZ10_Debug #
#                    \Obj\vectors.o --redirect _Printf=_PrintfLargeNoMb       #
#                    --redirect _Scanf=_ScanfLargeNoMb -o                     #
#                    F:\Project_Compotition\6.MyFreescal_10th\New_for_platfor #
#                    m\Freescale_K60-KL26_NRF\GPIO_NRF_K60\Prj\IAR\DZ10_Debug #
#                    \Exe\vcan_Kinetis.out --map                              #
#                    F:\Project_Compotition\6.MyFreescal_10th\New_for_platfor #
#                    m\Freescale_K60-KL26_NRF\GPIO_NRF_K60\Prj\IAR\DZ10_Debug #
#                    \List\vcan_Kinetis.map --config                          #
#                    "F:\Project_Compotition\6.MyFreescal_10th\New_for_platfo #
#                    rm\Freescale_K60-KL26_NRF\GPIO_NRF_K60\Prj\IAR\config    #
#                    files\vcan_ROM_K60N512.icf"                              #
#                    F:\Project_Compotition\6.MyFreescal_10th\New_for_platfor #
#                    m\Freescale_K60-KL26_NRF\GPIO_NRF_K60\Prj\IAR\..\..\Lib\ #
#                    CMSIS\iar_cortexM4l_math.a --entry __iar_program_start   #
#                    --vfe                                                    #
#                                                                             #
#                                                                             #
###############################################################################

*******************************************************************************
*** RUNTIME MODEL ATTRIBUTES
***

CppFlavor       = *
__SystemLibrary = DLib


*******************************************************************************
*** PLACEMENT SUMMARY
***

"A1":  place at 0x00000000 { ro section .intvec };
"A2":  place at 0x00000410 { ro section .noinit };
"P1":  place in [from 0x00000000 to 0x00080000] { ro, block CodeRelocate };
"P2":  place in [from 0x1fff0410 to 0x20010000] {
          rw, block CodeRelocateRam, block CSTACK, block HEAP };

  Section              Kind        Address    Size  Object
  -------              ----        -------    ----  ------
"A1":                                        0x410
  .intvec              const    0x00000000   0x410  vectors.o [1]
                              - 0x00000410   0x410

"P1", part 1 of 2:                             0x0
  .rodata              const    0x00000410     0x0  zero_init3.o [5]

"A2":                                          0x8
  .noinit              ro code  0x00000410     0x8  startup_MK60DZ10.o [1]
                              - 0x00000418     0x8

"P1", part 2 of 2:                          0x4d10
  .text                ro code  0x00000418   0xbf2  xprintflarge_nomb.o [3]
  .text                ro code  0x0000100a    0x22  zero_init3.o [5]
  .text                ro code  0x0000102c    0x16  strchr.o [5]
  .text                ro code  0x00001042     0xa  xsprout.o [3]
  .text                ro code  0x0000104c    0x36  strlen.o [5]
  .text                ro code  0x00001084    0x58  memchr.o [5]
  .text                ro code  0x000010dc    0xee  I64DivMod.o [5]
  .text                ro code  0x000011cc    0x76  ABImemcpy_unaligned.o [5]
  .text                ro code  0x00001242    0x42  xdnorm.o [4]
  .text                ro code  0x00001284    0x2e  DblCmpLe.o [4]
  .text                ro code  0x000012b4   0x1a2  DblMul.o [4]
  .text                ro code  0x00001458   0x246  DblDiv.o [4]
  .text                ro code  0x000016a0    0x2c  DblToI32.o [4]
  .text                ro code  0x000016cc    0x1c  I32ToDbl.o [4]
  .text                ro code  0x000016e8   0x180  DblSub.o [4]
  .text                ro code  0x00001868    0x6c  localeconv.o [3]
  .text                ro code  0x000018d4     0xe  div.o [3]
  .text                ro code  0x000018e4     0x2  I64DivZer.o [5]
  .text                ro code  0x000018e8    0xd4  DblAdd.o [4]
  .text                ro code  0x000019bc     0x2  xtls.o [3]
  .text                ro code  0x000019c0   0x884  NRF_SmartCar.o [1]
  .text                ro code  0x00002244    0xd8  FltMul.o [4]
  .text                ro code  0x0000231c    0x44  FltToS32.o [4]
  .text                ro code  0x00002360    0x34  sprintf.o [3]
  .text                ro code  0x00002394    0x1c  strcat.o [3]
  .text                ro code  0x000023b0   0x54c  VCAN_NRF24L0.o [1]
  .text                ro code  0x000028fc    0x24  printf.o [3]
  .text                ro code  0x00002920     0x6  ABImemclr4.o [5]
  .text                ro code  0x00002928    0x4e  FltToDbl.o [4]
  .text                ro code  0x00002978    0x90  DblToFlt.o [4]
  .text                ro code  0x00002a08    0x1c  FltCmpEq.o [4]
  .text                ro code  0x00002a24    0x2e  I32ToFlt.o [4]
  .text                ro code  0x00002a54    0x84  FltAdd.o [4]
  .text                ro code  0x00002ad8   0x678  MK60_spi.o [1]
  .text                ro code  0x00003150   0x128  MK60_gpio.o [1]
  .text                ro code  0x00003278    0xb0  MK60_port.o [1]
  .text                ro code  0x00003328    0x64  MK60_SysTick.o [1]
  .text                ro code  0x0000338c    0xcc  misc.o [1]
  .text                ro code  0x00003458    0x32  ABImemset48.o [5]
  .text                ro code  0x0000348c    0xd6  FltSub.o [4]
  Veneer               ro code  0x00003564     0x8  - Linker created -
  Veneer               ro code  0x0000356c     0x8  - Linker created -
  .text                ro code  0x00003574   0x140  MK60_conf.o [1]
  .text                ro code  0x000036b4     0x8  abs.o [3]
  .text                ro code  0x000036bc    0x70  VCAN_LED.o [1]
  .text                ro code  0x0000372c   0x24c  MK60_uart.o [1]
  .text                ro code  0x00003978    0x9c  VCAN_key.o [1]
  .data_init                    0x00003a14   0x800  <Block>
    Initializer bytes  ro data  0x00003a14   0x800  <for .data-1>
  Veneer               ro code  0x00004214     0x8  - Linker created -
  .text                ro code  0x0000421c   0x3dc  MK60_mcg.o [1]
  .text                ro code  0x000045f8   0x270  main.o [1]
  CodeRelocate                  0x00004868   0x1c8  <Block>
    Initializer bytes  ro data  0x00004868   0x1c8  <for CodeRelocateRam-1>
  .text                ro code  0x00004a30   0x130  system_MK60DZ10.o [1]
  .text                ro code  0x00004b60    0x40  MK60_wdog.o [1]
  .rodata              const    0x00004ba0    0x58  MK60_SysTick.o [1]
  .rodata              const    0x00004bf8    0x54  MK60_flash.o [1]
  .rodata              const    0x00004c4c    0x54  MK60_gpio.o [1]
  .rodata              const    0x00004ca0    0x54  MK60_spi.o [1]
  .rodata              const    0x00004cf4    0x54  MK60_uart.o [1]
  .rodata              const    0x00004d48    0x50  misc.o [1]
  .rodata              const    0x00004d98    0x40  MK60_spi.o [1]
  .rodata              const    0x00004dd8    0x3c  MK60_conf.o [1]
  .rodata              const    0x00004e14    0x30  main.o [1]
  .rodata              const    0x00004e44    0x30  NRF_SmartCar.o [1]
  .rodata              const    0x00004e74    0x30  NRF_SmartCar.o [1]
  .rodata              const    0x00004ea4    0x30  NRF_SmartCar.o [1]
  .rodata              const    0x00004ed4    0x2c  NRF_SmartCar.o [1]
  .rodata              const    0x00004f00    0x28  main.o [1]
  .text                ro code  0x00004f28    0x28  data_init.o [5]
  .rodata              const    0x00004f50    0x24  MK60_conf.o [1]
  .iar.init_table      const    0x00004f74    0x10  - Linker created -
  .rodata              const    0x00004f84    0x20  MK60_conf.o [1]
  .rodata              const    0x00004fa4    0x1c  VCAN_NRF24L0.o [1]
  .text                ro code  0x00004fc0    0x1a  cmain.o [5]
  .text                ro code  0x00004fda     0x4  low_level_init.o [3]
  .text                ro code  0x00004fde     0x4  exit.o [3]
  .text                ro code  0x00004fe4     0xa  cexit.o [5]
  .text                ro code  0x00004ff0     0xc  XXexit.o [5]
  .text                ro code  0x00004ffc    0x16  xprout.o [3]
  .text                ro code  0x00005014     0xc  putchar.o [3]
  .rodata              const    0x00005020    0x14  MK60_conf.o [1]
  .rodata              const    0x00005034    0x10  main.o [1]
  .rodata              const    0x00005044     0xc  NRF_SmartCar.o [1]
  .rodata              const    0x00005050     0xc  VCAN_NRF24L0.o [1]
  .rodata              const    0x0000505c     0xc  VCAN_NRF24L0.o [1]
  .text                ro code  0x00005068     0xc  cstartup_M.o [5]
  .rodata              const    0x00005074     0x8  NRF_SmartCar.o [1]
  .rodata              const    0x0000507c     0x8  NRF_SmartCar.o [1]
  .rodata              const    0x00005084     0x8  NRF_SmartCar.o [1]
  .rodata              const    0x0000508c     0x8  NRF_SmartCar.o [1]
  .rodata              const    0x00005094     0x8  VCAN_NRF24L0.o [1]
  .rodata              const    0x0000509c     0x4  MK60_spi.o [1]
  Initializer bytes    ro data  0x000050a0    0x88  <for P2 s0>
                              - 0x00005128  0x4d10

"P2", part 1 of 3:                           0x9c8
  .data                         0x1fff0410   0x800  <Block>
    .data-1                     0x1fff0410   0x800  <Init block>
      .data            inited   0x1fff0410     0x4  main.o [1]
      .data            inited   0x1fff0414     0x4  main.o [1]
      .data            inited   0x1fff0418   0x708  MK60_conf.o [1]
      .data            inited   0x1fff0b20    0x14  MK60_gpio.o [1]
      .data            inited   0x1fff0b34    0x44  MK60_mcg.o [1]
      .data            inited   0x1fff0b78     0x4  MK60_mcg.o [1]
      .data            inited   0x1fff0b7c    0x14  MK60_port.o [1]
      .data            inited   0x1fff0b90     0xc  MK60_spi.o [1]
      .data            inited   0x1fff0b9c    0x18  MK60_uart.o [1]
      .data            inited   0x1fff0bb4     0x8  VCAN_key.o [1]
      .data            inited   0x1fff0bbc     0x4  VCAN_LED.o [1]
      .data            inited   0x1fff0bc0     0x8  VCAN_NRF24L0.o [1]
      .data            inited   0x1fff0bc8     0x8  VCAN_NRF24L0.o [1]
      .data            inited   0x1fff0bd0    0x40  xfiles.o [3]
  CodeRelocateRam               0x1fff0c10   0x1c8  <Block>
    CodeRelocateRam-1           0x1fff0c10   0x1c8  <Init block>
      Veneer           inited   0x1fff0c10     0x8  - Linker created -
      Veneer           inited   0x1fff0c18     0x8  - Linker created -
      .textrw          inited   0x1fff0c20   0x168  MK60_flash.o [1]
      .textrw          inited   0x1fff0d88    0x50  MK60_mcg.o [1]
                              - 0x1fff0dd8   0x9c8

"P2", part 2 of 3:                           0xa70
  .bss                          0x1fff0dd8   0xa6d  <Block>
    .bss               zero     0x1fff0dd8     0x4  main.o [1]
    .bss               zero     0x1fff0ddc     0x4  system_MK60DZ10.o [1]
    .bss               zero     0x1fff0de0     0x4  system_MK60DZ10.o [1]
    .bss               zero     0x1fff0de4     0x4  system_MK60DZ10.o [1]
    .bss               zero     0x1fff0de8   0xa00  VCAN_NRF24L0.o [1]
    .bss               zero     0x1fff17e8     0x4  VCAN_NRF24L0.o [1]
    .bss               zero     0x1fff17ec     0x4  VCAN_NRF24L0.o [1]
    .bss               zero     0x1fff17f0    0x50  xfiles.o [3]
    .bss               zero     0x1fff1840     0x1  VCAN_NRF24L0.o [1]
    .bss               zero     0x1fff1841     0x1  VCAN_NRF24L0.o [1]
    .bss               zero     0x1fff1842     0x1  VCAN_NRF24L0.o [1]
    .bss               zero     0x1fff1843     0x1  VCAN_NRF24L0.o [1]
    .bss               zero     0x1fff1844     0x1  VCAN_NRF24L0.o [1]
                              - 0x1fff1845   0xa6d

"P2", part 3 of 3:                            0x88
  P2 s0                         0x1fff1848    0x88  <Init block>
    __DLIB_PERTHREAD   inited   0x1fff1848    0x88  localeconv.o [3]
                              - 0x1fff18d0    0x88


*******************************************************************************
*** INIT TABLE
***

          Address     Size
          -------     ----
Zero (__iar_zero_init3)
    1 destination range, total size 0xa6d:
          0x1fff0dd8  0xa6d



*******************************************************************************
*** MODULE SUMMARY
***

    Module                 ro code  rw code  ro data  rw data
    ------                 -------  -------  -------  -------
F:\Project_Compotition\6.MyFreescal_10th\New_for_platform\Freescale_K60-KL26_NRF\GPIO_NRF_K60\Prj\IAR\DZ10_Debug\Obj: [1]
    MK60_SysTick.o             100                88
    MK60_conf.o                320             1 948    1 800
    MK60_flash.o                        360      444
    MK60_gpio.o                296               104       20
    MK60_mcg.o                 988       80      152       72
    MK60_port.o                176                20       20
    MK60_spi.o               1 656               164       12
    MK60_uart.o                588               108       24
    MK60_wdog.o                 64
    NRF_SmartCar.o           2 180               232
    VCAN_LED.o                 112                 4        4
    VCAN_NRF24L0.o           1 356                76    2 589
    VCAN_key.o                 156                 8        8
    main.o                     624               112       12
    misc.o                     204                80
    startup_MK60DZ10.o           8
    system_MK60DZ10.o          304                         12
    vectors.o                                  1 040
    ---------------------------------------------------------
    Total:                   9 132      440    4 580    4 573

command line: [2]
    ---------------------------------------------------------
    Total:

dl7M_tlf.a: [3]
    abs.o                        8
    div.o                       14
    exit.o                       4
    localeconv.o               108               136      136
    low_level_init.o             4
    printf.o                    36
    putchar.o                   12
    sprintf.o                   52
    strcat.o                    28
    xfiles.o                                      64      144
    xprintflarge_nomb.o      3 058
    xprout.o                    22
    xsprout.o                   10
    xtls.o                       2
    ---------------------------------------------------------
    Total:                   3 358               200      280

m7M_tl.a: [4]
    DblAdd.o                   212
    DblCmpLe.o                  46
    DblDiv.o                   582
    DblMul.o                   418
    DblSub.o                   384
    DblToFlt.o                 144
    DblToI32.o                  44
    FltAdd.o                   132
    FltCmpEq.o                  28
    FltMul.o                   216
    FltSub.o                   214
    FltToDbl.o                  78
    FltToS32.o                  68
    I32ToDbl.o                  28
    I32ToFlt.o                  46
    xdnorm.o                    66
    ---------------------------------------------------------
    Total:                   2 706

rt7M_tl.a: [5]
    ABImemclr4.o                 6
    ABImemcpy_unaligned.o      118
    ABImemset48.o               50
    I64DivMod.o                238
    I64DivZer.o                  2
    XXexit.o                    12
    cexit.o                     10
    cmain.o                     26
    cstartup_M.o                12
    data_init.o                 40
    memchr.o                    88
    strchr.o                    22
    strlen.o                    54
    zero_init3.o                34
    ---------------------------------------------------------
    Total:                     712

    Gaps                        32
    Linker created              24       16       32
-------------------------------------------------------------
    Grand Total:            15 964      456    4 812    4 853


*******************************************************************************
*** ENTRY LIST
***

Entry                      Address   Size  Type      Object
-----                      -------   ----  ----      ------
.bss$$Base              0x1fff0dd8          --   Gb  - Linker created -
.bss$$Limit             0x1fff1845          --   Gb  - Linker created -
.data$$Base             0x1fff0410          --   Gb  - Linker created -
.data$$Limit            0x1fff0c10          --   Gb  - Linker created -
.data_init$$Base        0x00003a14          --   Gb  - Linker created -
.data_init$$Limit       0x00004214          --   Gb  - Linker created -
?main                   0x00004fc1         Code  Gb  cmain.o [5]
ASSERT_FAILED_STR       0x00004f50   0x24  Data  Gb  MK60_conf.o [1]
CodeRelocate$$Base      0x00004868          --   Gb  - Linker created -
CodeRelocate$$Limit     0x00004a30          --   Gb  - Linker created -
CodeRelocateRam$$Base   0x1fff0c10          --   Gb  - Linker created -
CodeRelocateRam$$Limit  0x1fff0dd8          --   Gb  - Linker created -
GPIOX                   0x1fff0b20   0x14  Data  Gb  MK60_gpio.o [1]
Init_NRF                0x00004633   0x28  Code  Gb  main.o [1]
KEY_PTxn                0x1fff0bb4    0x8  Data  Gb  VCAN_key.o [1]
LED_PTxn                0x1fff0bbc    0x4  Data  Gb  VCAN_LED.o [1]
NRF_ISR_RX_FIFO         0x1fff0de8  0xa00  Data  Gb  VCAN_NRF24L0.o [1]
NRF_Recieve             0x00001d79  0x322  Code  Gb  NRF_SmartCar.o [1]
NVIC_EnableIRQ          0x000045f9   0x18  Code  Lc  main.o [1]
NVIC_SystemReset        0x00003575   0x1a  Code  Lc  MK60_conf.o [1]
PORTE_IRQHandler        0x00004611   0x22  Code  Gb  main.o [1]
PORTX                   0x1fff0b7c   0x14  Data  Gb  MK60_port.o [1]
RX_ADDRESS              0x1fff0bc8    0x8  Data  Gb  VCAN_NRF24L0.o [1]
Region$$Table$$Base     0x00004f74          --   Gb  - Linker created -
Region$$Table$$Limit    0x00004f84          --   Gb  - Linker created -
Reset_Handler           0x00000411         Code  Gb  startup_MK60DZ10.o [1]
SPEED_CONTROL_D         0x1fff0dd8    0x4  Data  Gb  main.o [1]
SPEED_CONTROL_I         0x1fff0414    0x4  Data  Gb  main.o [1]
SPEED_CONTROL_P         0x1fff0410    0x4  Data  Gb  main.o [1]
SPIN                    0x1fff0b90    0xc  Data  Gb  MK60_spi.o [1]
SendPack_Echo           0x00001b01   0xe0  Code  Gb  NRF_SmartCar.o [1]
SendPack_PID            0x00001be1  0x18e  Code  Gb  NRF_SmartCar.o [1]
SendPack_Short          0x000019c1  0x140  Code  Gb  NRF_SmartCar.o [1]
TX_ADDRESS              0x1fff0bc0    0x8  Data  Gb  VCAN_NRF24L0.o [1]
UARTN                   0x1fff0b9c   0x18  Data  Gb  MK60_uart.o [1]
_GenldLargeNoMb         0x00000d8d  0x234  Code  Lc  xprintflarge_nomb.o [3]
_LdtobLargeNoMb         0x00000b09  0x27e  Code  Lc  xprintflarge_nomb.o [3]
_LitobLargeNoMb         0x000009f5  0x10c  Code  Lc  xprintflarge_nomb.o [3]
_Locale_aeabi_lconv     0x1fff1898   0x38  Data  Gb  localeconv.o [3]
_Locale_lconv           0x1fff1848   0x50  Data  Gb  localeconv.o [3]
_PrintfLargeNoMb        0x00000419  0x5d6  Code  Gb  xprintflarge_nomb.o [3]
_Prout                  0x00004ffd   0x16  Code  Gb  xprout.o [3]
_PutcharsLargeNoMb      0x00000fc1   0x2e  Code  Lc  xprintflarge_nomb.o [3]
_SProut                 0x00001043    0xa  Code  Gb  xsprout.o [3]
__BOOT_STACK_ADDRESS {Abs}
                        0x2000fff8          --   Gb  command line/config [2]
__VECTOR_RAM {Abs}      0x1fff0000          --   Gb  command line/config [2]
__VECTOR_TABLE {Abs}    0x00000000          --   Gb  command line/config [2]
__aeabi_cdcmple         0x00001285         Code  Gb  DblCmpLe.o [4]
__aeabi_cfcmpeq         0x00002a09         Code  Gb  FltCmpEq.o [4]
__aeabi_d2f             0x00002979         Code  Gb  DblToFlt.o [4]
__aeabi_d2uiz           0x000016a1         Code  Gb  DblToI32.o [4]
__aeabi_ddiv            0x00001459         Code  Gb  DblDiv.o [4]
__aeabi_dmul            0x000012b5         Code  Gb  DblMul.o [4]
__aeabi_dsub            0x000016e9         Code  Gb  DblSub.o [4]
__aeabi_f2d             0x00002929         Code  Gb  FltToDbl.o [4]
__aeabi_f2iz            0x0000231d         Code  Gb  FltToS32.o [4]
__aeabi_fadd            0x00002a55         Code  Gb  FltAdd.o [4]
__aeabi_fmul            0x00002245         Code  Gb  FltMul.o [4]
__aeabi_i2f             0x00002a25         Code  Gb  I32ToFlt.o [4]
__aeabi_ldiv0           0x000018e5         Code  Gb  I64DivZer.o [5]
__aeabi_memclr4         0x00002921         Code  Gb  ABImemclr4.o [5]
__aeabi_ui2d            0x000016cd         Code  Gb  I32ToDbl.o [4]
__aeabi_uldivmod        0x000010dd         Code  Gb  I64DivMod.o [5]
__cmain                 0x00004fc1         Code  Gb  cmain.o [5]
__code_start__ {Abs}    0x00000410          --   Gb  command line/config [2]
__exit                  0x00004ff1         Code  Gb  XXexit.o [5]
__iar_Dnorm             0x00001243   0x42  Code  Gb  xdnorm.o [4]
__iar_Locale_lconv_init
                        0x00001869   0x3a  Code  Gb  localeconv.o [3]
__iar_Memchr            0x00001085         Code  Gb  memchr.o [5]
__iar_Memset4_word      0x00003459         Code  Gb  ABImemset48.o [5]
__iar_Memset8_word      0x00003459         Code  Gb  ABImemset48.o [5]
__iar_Stdout            0x1fff0bd0   0x40  Data  Gb  xfiles.o [3]
__iar_Strchr            0x0000102d         Code  Gb  strchr.o [5]
__iar_d2uiz             0x000016ad         Code  Gb  DblToI32.o [4]
__iar_dadd              0x000018e9         Code  Gb  DblAdd.o [4]
__iar_data_init3        0x00004f29   0x28  Code  Gb  data_init.o [5]
__iar_dlib_perthread_access
                        0x000019bd    0x2  Code  Gb  xtls.o [3]
__iar_dsub              0x000016fd         Code  Gb  DblSub.o [4]
__iar_dsubStart         0x0000170f         Code  Gb  DblSub.o [4]
__iar_fadd              0x00002a65         Code  Gb  FltAdd.o [4]
__iar_fsub              0x0000348d         Code  Gb  FltSub.o [4]
__iar_fsubStart         0x0000349d         Code  Gb  FltSub.o [4]
__iar_program_start     0x00005069         Code  Gb  cstartup_M.o [5]
__iar_ui2d              0x000016d1         Code  Gb  I32ToDbl.o [4]
__iar_ui2f              0x00002a39         Code  Gb  I32ToFlt.o [4]
__iar_unaligned___aeabi_memcpy
                        0x000011cd         Code  Gb  ABImemcpy_unaligned.o [5]
__iar_unaligned___aeabi_memcpy4
                        0x000011ed         Code  Gb  ABImemcpy_unaligned.o [5]
__iar_unaligned___aeabi_memcpy8
                        0x000011ed         Code  Gb  ABImemcpy_unaligned.o [5]
__iar_zero_init3        0x0000100b   0x22  Code  Gb  zero_init3.o [5]
__low_level_init        0x00004fdb    0x4  Code  Gb  low_level_init.o [3]
__vector_table          0x00000000  0x410  Data  Gb  vectors.o [1]
_call_main              0x00004fcd         Code  Gb  cmain.o [5]
_exit                   0x00004fe5         Code  Gb  cexit.o [5]
_main                   0x00004fd7         Code  Gb  cmain.o [5]
abs                     0x000036b5    0x8  Code  Gb  abs.o [3]
assert_failed           0x0000358f   0x26  Code  Gb  MK60_conf.o [1]
atof_self               0x0000209b   0xb4  Code  Gb  NRF_SmartCar.o [1]
atoi_self               0x0000214f   0xbc  Code  Gb  NRF_SmartCar.o [1]
bus_clk_khz             0x1fff0de4    0x4  Data  Gb  system_MK60DZ10.o [1]
common_startup          0x00004a8f   0x98  Code  Gb  system_MK60DZ10.o [1]
core_clk_khz            0x1fff0ddc    0x4  Data  Gb  system_MK60DZ10.o [1]
core_clk_mhz            0x1fff0de0    0x4  Data  Gb  system_MK60DZ10.o [1]
default_isr             0x00003663   0x30  Code  Gb  MK60_conf.o [1]
div                     0x000018d5    0xe  Code  Gb  div.o [3]
exit                    0x00004fdf    0x4  Code  Gb  exit.o [3]
flash_cmd               0x1fff0c21   0x20  Code  Gb  MK60_flash.o [1]
flash_erase_sector      0x1fff0c71   0x58  Code  Gb  MK60_flash.o [1]
flash_init              0x1fff0c41   0x30  Code  Gb  MK60_flash.o [1]
flash_write             0x1fff0cc9   0x90  Code  Gb  MK60_flash.o [1]
fputc                   0x000035b5   0x14  Code  Gb  MK60_conf.o [1]
gpio_get                0x00003237   0x3a  Code  Gb  MK60_gpio.o [1]
gpio_init               0x00003151   0xae  Code  Gb  MK60_gpio.o [1]
gpio_turn               0x000031ff   0x38  Code  Gb  MK60_gpio.o [1]
key_check               0x000039e5   0x2a  Code  Gb  VCAN_key.o [1]
key_get                 0x000039cb   0x1a  Code  Gb  VCAN_key.o [1]
key_init                0x00003979   0x52  Code  Gb  VCAN_key.o [1]
led_init                0x000036bd   0x3a  Code  Gb  VCAN_LED.o [1]
led_turn                0x000036f7   0x32  Code  Gb  VCAN_LED.o [1]
localeconv              0x000018a3   0x16  Code  Gb  localeconv.o [3]
main                    0x0000465b  0x1cc  Code  Gb  main.o [1]
mcg_cfg                 0x1fff0b34   0x44  Data  Gb  MK60_mcg.o [1]
mcg_div                 0x1fff0b78    0x4  Data  Gb  MK60_mcg.o [1]
mcg_div_count           0x0000421d  0x30e  Code  Gb  MK60_mcg.o [1]
memchr                  0x00001085         Code  Gb  memchr.o [5]
nrf_handler             0x0000278b  0x12c  Code  Gb  VCAN_NRF24L0.o [1]
nrf_init                0x000023b1   0xa8  Code  Gb  VCAN_NRF24L0.o [1]
nrf_irq_tx_addr         0x1fff17e8    0x4  Data  Gb  VCAN_NRF24L0.o [1]
nrf_irq_tx_flag         0x1fff1844    0x1  Data  Gb  VCAN_NRF24L0.o [1]
nrf_irq_tx_pnum         0x1fff17ec    0x4  Data  Gb  VCAN_NRF24L0.o [1]
nrf_link_check          0x000024f7   0x78  Code  Gb  VCAN_NRF24L0.o [1]
nrf_mode                0x1fff1840    0x1  Data  Gb  VCAN_NRF24L0.o [1]
nrf_readbuf             0x000024cf   0x28  Code  Lc  VCAN_NRF24L0.o [1]
nrf_readreg             0x0000247f   0x28  Code  Lc  VCAN_NRF24L0.o [1]
nrf_rx                  0x00002647   0xca  Code  Gb  VCAN_NRF24L0.o [1]
nrf_rx_flag             0x1fff1843    0x1  Data  Gb  VCAN_NRF24L0.o [1]
nrf_rx_front            0x1fff1841    0x1  Data  Gb  VCAN_NRF24L0.o [1]
nrf_rx_mode             0x0000256f   0x50  Code  Lc  VCAN_NRF24L0.o [1]
nrf_rx_rear             0x1fff1842    0x1  Data  Gb  VCAN_NRF24L0.o [1]
nrf_tx                  0x00002711   0x56  Code  Gb  VCAN_NRF24L0.o [1]
nrf_tx_mode             0x000025bf   0x88  Code  Lc  VCAN_NRF24L0.o [1]
nrf_tx_state            0x00002767   0x24  Code  Gb  VCAN_NRF24L0.o [1]
nrf_writebuf            0x000024a7   0x28  Code  Lc  VCAN_NRF24L0.o [1]
nrf_writereg            0x00002459   0x26  Code  Lc  VCAN_NRF24L0.o [1]
obuf                    0x1fff17f0   0x50  Data  Lc  xfiles.o [3]
pll_init                0x0000452b   0xb2  Code  Gb  MK60_mcg.o [1]
port_init               0x00003279   0x44  Code  Gb  MK60_port.o [1]
port_init_NoALT         0x000032bd   0x62  Code  Gb  MK60_port.o [1]
printf                  0x000028fd   0x24  Code  Gb  printf.o [3]
putchar                 0x00005015    0xc  Code  Gb  putchar.o [3]
set_sys_dividers        0x1fff0d89   0x50  Code  Gb  MK60_mcg.o [1]
set_vector_handler      0x000033af   0x22  Code  Gb  misc.o [1]
spi_init                0x00002ad9  0x336  Code  Gb  MK60_spi.o [1]
spi_mosi                0x00002e0f  0x110  Code  Gb  MK60_spi.o [1]
spi_mosi_cmd            0x00002f1f  0x20c  Code  Gb  MK60_spi.o [1]
sprintf                 0x00002361   0x34  Code  Gb  sprintf.o [3]
start                   0x00004a31   0x22  Code  Gb  system_MK60DZ10.o [1]
start_check             0x000035c9   0x9a  Code  Gb  MK60_conf.o [1]
strcat                  0x00002395   0x1c  Code  Gb  strcat.o [3]
strchr                  0x0000102d         Code  Gb  strchr.o [5]
strlen                  0x0000104d         Code  Gb  strlen.o [5]
sysinit                 0x00004a53   0x3c  Code  Gb  system_MK60DZ10.o [1]
systick_delay           0x00003329   0x36  Code  Gb  MK60_SysTick.o [1]
systick_delay_ms        0x0000335f   0x18  Code  Gb  MK60_SysTick.o [1]
uart_init               0x0000372d  0x218  Code  Gb  MK60_uart.o [1]
uart_putchar            0x00003945   0x1a  Code  Gb  MK60_uart.o [1]
vcan_cpy                0x000033dd   0x7c  Code  Gb  misc.o [1]
vector_str              0x1fff0418  0x708  Data  Gb  MK60_conf.o [1]
wdog_disable            0x00004b61   0x16  Code  Gb  MK60_wdog.o [1]
wdog_unlock             0x00004b77   0x20  Code  Lc  MK60_wdog.o [1]
write_vtor              0x0000338d   0x22  Code  Gb  misc.o [1]


[1] = F:\Project_Compotition\6.MyFreescal_10th\New_for_platform\Freescale_K60-KL26_NRF\GPIO_NRF_K60\Prj\IAR\DZ10_Debug\Obj
[2] = command line
[3] = dl7M_tlf.a
[4] = m7M_tl.a
[5] = rt7M_tl.a

  15 964 bytes of readonly  code memory
     456 bytes of readwrite code memory
   4 812 bytes of readonly  data memory
   4 853 bytes of readwrite data memory

Errors: none
Warnings: none
